Archive member included to satisfy reference by file (symbol)

c:/program files (x86)/atmel/studio/7.0/toolchain/avr8/avr8-gnu-toolchain/bin/../lib/gcc/avr/5.4.0/avr5\libgcc.a(_udivmodhi4.o)
                              MCAL/I2C/I2C.o (__udivmodhi4)
c:/program files (x86)/atmel/studio/7.0/toolchain/avr8/avr8-gnu-toolchain/bin/../lib/gcc/avr/5.4.0/avr5\libgcc.a(_exit.o)
                              C:/Program Files (x86)/Atmel/Studio/7.0/Packs/atmel/ATmega_DFP/1.6.364/gcc/dev/atmega32/avr5/crtatmega32.o (exit)
c:/program files (x86)/atmel/studio/7.0/toolchain/avr8/avr8-gnu-toolchain/bin/../lib/gcc/avr/5.4.0/avr5\libgcc.a(_copy_data.o)
                              APP/EEPROM_APP/APP.o (__do_copy_data)
c:/program files (x86)/atmel/studio/7.0/toolchain/avr8/avr8-gnu-toolchain/bin/../lib/gcc/avr/5.4.0/avr5\libgcc.a(_clear_bss.o)
                              APP/EEPROM_APP/APP.o (__do_clear_bss)

Discarded input sections

 .data          0x00000000        0x0 C:/Program Files (x86)/Atmel/Studio/7.0/Packs/atmel/ATmega_DFP/1.6.364/gcc/dev/atmega32/avr5/crtatmega32.o
 .bss           0x00000000        0x0 C:/Program Files (x86)/Atmel/Studio/7.0/Packs/atmel/ATmega_DFP/1.6.364/gcc/dev/atmega32/avr5/crtatmega32.o
 .text          0x00000000        0x0 APP/EEPROM_APP/APP.o
 .data          0x00000000        0x0 APP/EEPROM_APP/APP.o
 .bss           0x00000000        0x0 APP/EEPROM_APP/APP.o
 .text          0x00000000        0x0 ECUAL/EEPROM/EEPROM.o
 .data          0x00000000        0x0 ECUAL/EEPROM/EEPROM.o
 .bss           0x00000000        0x0 ECUAL/EEPROM/EEPROM.o
 .text          0x00000000        0x0 main.o
 .data          0x00000000        0x0 main.o
 .bss           0x00000000        0x0 main.o
 .text          0x00000000        0x0 MCAL/DIO/DIO.o
 .data          0x00000000        0x0 MCAL/DIO/DIO.o
 .bss           0x00000000        0x0 MCAL/DIO/DIO.o
 .text.DIO_Init
                0x00000000      0x140 MCAL/DIO/DIO.o
 .text.DIO_Write
                0x00000000       0xe6 MCAL/DIO/DIO.o
 .text.DIO_Read
                0x00000000       0xa6 MCAL/DIO/DIO.o
 .text.DIO_Toggle
                0x00000000       0x9c MCAL/DIO/DIO.o
 .debug_info    0x00000000      0x31a MCAL/DIO/DIO.o
 .debug_abbrev  0x00000000      0x12e MCAL/DIO/DIO.o
 .debug_loc     0x00000000      0x35b MCAL/DIO/DIO.o
 .debug_aranges
                0x00000000       0x38 MCAL/DIO/DIO.o
 .debug_ranges  0x00000000       0x28 MCAL/DIO/DIO.o
 .debug_line    0x00000000      0x2eb MCAL/DIO/DIO.o
 .debug_str     0x00000000      0x230 MCAL/DIO/DIO.o
 .comment       0x00000000       0x31 MCAL/DIO/DIO.o
 .debug_frame   0x00000000       0x54 MCAL/DIO/DIO.o
 .text          0x00000000        0x0 MCAL/DIO/DIO_Cfg.o
 .data          0x00000000        0x0 MCAL/DIO/DIO_Cfg.o
 .bss           0x00000000        0x0 MCAL/DIO/DIO_Cfg.o
 .rodata.DIOConfigParameters
                0x00000000       0x20 MCAL/DIO/DIO_Cfg.o
 .debug_info    0x00000000      0x186 MCAL/DIO/DIO_Cfg.o
 .debug_abbrev  0x00000000       0x7e MCAL/DIO/DIO_Cfg.o
 .debug_aranges
                0x00000000       0x18 MCAL/DIO/DIO_Cfg.o
 .debug_line    0x00000000       0x3c MCAL/DIO/DIO_Cfg.o
 .debug_str     0x00000000      0x1b6 MCAL/DIO/DIO_Cfg.o
 .comment       0x00000000       0x31 MCAL/DIO/DIO_Cfg.o
 .text          0x00000000        0x0 MCAL/I2C/I2C.o
 .data          0x00000000        0x0 MCAL/I2C/I2C.o
 .bss           0x00000000        0x0 MCAL/I2C/I2C.o
 .text.I2C_MASTER_SendData
                0x00000000       0x36 MCAL/I2C/I2C.o
 .text.I2C_MASTER_RecieveData
                0x00000000       0x46 MCAL/I2C/I2C.o
 .text.I2C_SLAVE_SendData
                0x00000000       0x30 MCAL/I2C/I2C.o
 .text.I2C_SLAVE_ReceiveData
                0x00000000       0x4e MCAL/I2C/I2C.o
 .text.I2C_Enable_Interrupt
                0x00000000        0xa MCAL/I2C/I2C.o
 .text.I2C_Disable_Interrupt
                0x00000000        0xa MCAL/I2C/I2C.o
 .text.I2C_SetCallBack
                0x00000000       0x14 MCAL/I2C/I2C.o
 .text          0x00000000        0x0 MCAL/UART/UART.o
 .data          0x00000000        0x0 MCAL/UART/UART.o
 .bss           0x00000000        0x0 MCAL/UART/UART.o
 .text.UART_RecieveDataNoBLOCK
                0x00000000       0x22 MCAL/UART/UART.o
 .text.UART_SendDataNoBLOCK
                0x00000000        0xe MCAL/UART/UART.o
 .text.UART_TX_Enable_Interrupt
                0x00000000        0xa MCAL/UART/UART.o
 .text.UART_TX_Disable_Interrupt
                0x00000000        0xa MCAL/UART/UART.o
 .text.UART_TX_SetCallBack
                0x00000000       0x14 MCAL/UART/UART.o
 .text.UART_RX_Enable_Interrupt
                0x00000000        0xa MCAL/UART/UART.o
 .text.UART_RX_Disable_Interrupt
                0x00000000        0xa MCAL/UART/UART.o
 .text.UART_RX_SetCallBack
                0x00000000       0x14 MCAL/UART/UART.o
 .text          0x00000000        0x0 c:/program files (x86)/atmel/studio/7.0/toolchain/avr8/avr8-gnu-toolchain/bin/../lib/gcc/avr/5.4.0/avr5\libgcc.a(_udivmodhi4.o)
 .data          0x00000000        0x0 c:/program files (x86)/atmel/studio/7.0/toolchain/avr8/avr8-gnu-toolchain/bin/../lib/gcc/avr/5.4.0/avr5\libgcc.a(_udivmodhi4.o)
 .bss           0x00000000        0x0 c:/program files (x86)/atmel/studio/7.0/toolchain/avr8/avr8-gnu-toolchain/bin/../lib/gcc/avr/5.4.0/avr5\libgcc.a(_udivmodhi4.o)
 .text.libgcc.mul
                0x00000000        0x0 c:/program files (x86)/atmel/studio/7.0/toolchain/avr8/avr8-gnu-toolchain/bin/../lib/gcc/avr/5.4.0/avr5\libgcc.a(_udivmodhi4.o)
 .text.libgcc   0x00000000        0x0 c:/program files (x86)/atmel/studio/7.0/toolchain/avr8/avr8-gnu-toolchain/bin/../lib/gcc/avr/5.4.0/avr5\libgcc.a(_udivmodhi4.o)
 .text.libgcc.prologue
                0x00000000        0x0 c:/program files (x86)/atmel/studio/7.0/toolchain/avr8/avr8-gnu-toolchain/bin/../lib/gcc/avr/5.4.0/avr5\libgcc.a(_udivmodhi4.o)
 .text.libgcc.builtins
                0x00000000        0x0 c:/program files (x86)/atmel/studio/7.0/toolchain/avr8/avr8-gnu-toolchain/bin/../lib/gcc/avr/5.4.0/avr5\libgcc.a(_udivmodhi4.o)
 .text.libgcc.fmul
                0x00000000        0x0 c:/program files (x86)/atmel/studio/7.0/toolchain/avr8/avr8-gnu-toolchain/bin/../lib/gcc/avr/5.4.0/avr5\libgcc.a(_udivmodhi4.o)
 .text.libgcc.fixed
                0x00000000        0x0 c:/program files (x86)/atmel/studio/7.0/toolchain/avr8/avr8-gnu-toolchain/bin/../lib/gcc/avr/5.4.0/avr5\libgcc.a(_udivmodhi4.o)
 .text          0x00000000        0x0 c:/program files (x86)/atmel/studio/7.0/toolchain/avr8/avr8-gnu-toolchain/bin/../lib/gcc/avr/5.4.0/avr5\libgcc.a(_exit.o)
 .data          0x00000000        0x0 c:/program files (x86)/atmel/studio/7.0/toolchain/avr8/avr8-gnu-toolchain/bin/../lib/gcc/avr/5.4.0/avr5\libgcc.a(_exit.o)
 .bss           0x00000000        0x0 c:/program files (x86)/atmel/studio/7.0/toolchain/avr8/avr8-gnu-toolchain/bin/../lib/gcc/avr/5.4.0/avr5\libgcc.a(_exit.o)
 .text.libgcc.mul
                0x00000000        0x0 c:/program files (x86)/atmel/studio/7.0/toolchain/avr8/avr8-gnu-toolchain/bin/../lib/gcc/avr/5.4.0/avr5\libgcc.a(_exit.o)
 .text.libgcc.div
                0x00000000        0x0 c:/program files (x86)/atmel/studio/7.0/toolchain/avr8/avr8-gnu-toolchain/bin/../lib/gcc/avr/5.4.0/avr5\libgcc.a(_exit.o)
 .text.libgcc   0x00000000        0x0 c:/program files (x86)/atmel/studio/7.0/toolchain/avr8/avr8-gnu-toolchain/bin/../lib/gcc/avr/5.4.0/avr5\libgcc.a(_exit.o)
 .text.libgcc.prologue
                0x00000000        0x0 c:/program files (x86)/atmel/studio/7.0/toolchain/avr8/avr8-gnu-toolchain/bin/../lib/gcc/avr/5.4.0/avr5\libgcc.a(_exit.o)
 .text.libgcc.builtins
                0x00000000        0x0 c:/program files (x86)/atmel/studio/7.0/toolchain/avr8/avr8-gnu-toolchain/bin/../lib/gcc/avr/5.4.0/avr5\libgcc.a(_exit.o)
 .text.libgcc.fmul
                0x00000000        0x0 c:/program files (x86)/atmel/studio/7.0/toolchain/avr8/avr8-gnu-toolchain/bin/../lib/gcc/avr/5.4.0/avr5\libgcc.a(_exit.o)
 .text.libgcc.fixed
                0x00000000        0x0 c:/program files (x86)/atmel/studio/7.0/toolchain/avr8/avr8-gnu-toolchain/bin/../lib/gcc/avr/5.4.0/avr5\libgcc.a(_exit.o)
 .text          0x00000000        0x0 c:/program files (x86)/atmel/studio/7.0/toolchain/avr8/avr8-gnu-toolchain/bin/../lib/gcc/avr/5.4.0/avr5\libgcc.a(_copy_data.o)
 .data          0x00000000        0x0 c:/program files (x86)/atmel/studio/7.0/toolchain/avr8/avr8-gnu-toolchain/bin/../lib/gcc/avr/5.4.0/avr5\libgcc.a(_copy_data.o)
 .bss           0x00000000        0x0 c:/program files (x86)/atmel/studio/7.0/toolchain/avr8/avr8-gnu-toolchain/bin/../lib/gcc/avr/5.4.0/avr5\libgcc.a(_copy_data.o)
 .text.libgcc.mul
                0x00000000        0x0 c:/program files (x86)/atmel/studio/7.0/toolchain/avr8/avr8-gnu-toolchain/bin/../lib/gcc/avr/5.4.0/avr5\libgcc.a(_copy_data.o)
 .text.libgcc.div
                0x00000000        0x0 c:/program files (x86)/atmel/studio/7.0/toolchain/avr8/avr8-gnu-toolchain/bin/../lib/gcc/avr/5.4.0/avr5\libgcc.a(_copy_data.o)
 .text.libgcc   0x00000000        0x0 c:/program files (x86)/atmel/studio/7.0/toolchain/avr8/avr8-gnu-toolchain/bin/../lib/gcc/avr/5.4.0/avr5\libgcc.a(_copy_data.o)
 .text.libgcc.prologue
                0x00000000        0x0 c:/program files (x86)/atmel/studio/7.0/toolchain/avr8/avr8-gnu-toolchain/bin/../lib/gcc/avr/5.4.0/avr5\libgcc.a(_copy_data.o)
 .text.libgcc.builtins
                0x00000000        0x0 c:/program files (x86)/atmel/studio/7.0/toolchain/avr8/avr8-gnu-toolchain/bin/../lib/gcc/avr/5.4.0/avr5\libgcc.a(_copy_data.o)
 .text.libgcc.fmul
                0x00000000        0x0 c:/program files (x86)/atmel/studio/7.0/toolchain/avr8/avr8-gnu-toolchain/bin/../lib/gcc/avr/5.4.0/avr5\libgcc.a(_copy_data.o)
 .text.libgcc.fixed
                0x00000000        0x0 c:/program files (x86)/atmel/studio/7.0/toolchain/avr8/avr8-gnu-toolchain/bin/../lib/gcc/avr/5.4.0/avr5\libgcc.a(_copy_data.o)
 .text          0x00000000        0x0 c:/program files (x86)/atmel/studio/7.0/toolchain/avr8/avr8-gnu-toolchain/bin/../lib/gcc/avr/5.4.0/avr5\libgcc.a(_clear_bss.o)
 .data          0x00000000        0x0 c:/program files (x86)/atmel/studio/7.0/toolchain/avr8/avr8-gnu-toolchain/bin/../lib/gcc/avr/5.4.0/avr5\libgcc.a(_clear_bss.o)
 .bss           0x00000000        0x0 c:/program files (x86)/atmel/studio/7.0/toolchain/avr8/avr8-gnu-toolchain/bin/../lib/gcc/avr/5.4.0/avr5\libgcc.a(_clear_bss.o)
 .text.libgcc.mul
                0x00000000        0x0 c:/program files (x86)/atmel/studio/7.0/toolchain/avr8/avr8-gnu-toolchain/bin/../lib/gcc/avr/5.4.0/avr5\libgcc.a(_clear_bss.o)
 .text.libgcc.div
                0x00000000        0x0 c:/program files (x86)/atmel/studio/7.0/toolchain/avr8/avr8-gnu-toolchain/bin/../lib/gcc/avr/5.4.0/avr5\libgcc.a(_clear_bss.o)
 .text.libgcc   0x00000000        0x0 c:/program files (x86)/atmel/studio/7.0/toolchain/avr8/avr8-gnu-toolchain/bin/../lib/gcc/avr/5.4.0/avr5\libgcc.a(_clear_bss.o)
 .text.libgcc.prologue
                0x00000000        0x0 c:/program files (x86)/atmel/studio/7.0/toolchain/avr8/avr8-gnu-toolchain/bin/../lib/gcc/avr/5.4.0/avr5\libgcc.a(_clear_bss.o)
 .text.libgcc.builtins
                0x00000000        0x0 c:/program files (x86)/atmel/studio/7.0/toolchain/avr8/avr8-gnu-toolchain/bin/../lib/gcc/avr/5.4.0/avr5\libgcc.a(_clear_bss.o)
 .text.libgcc.fmul
                0x00000000        0x0 c:/program files (x86)/atmel/studio/7.0/toolchain/avr8/avr8-gnu-toolchain/bin/../lib/gcc/avr/5.4.0/avr5\libgcc.a(_clear_bss.o)
 .text.libgcc.fixed
                0x00000000        0x0 c:/program files (x86)/atmel/studio/7.0/toolchain/avr8/avr8-gnu-toolchain/bin/../lib/gcc/avr/5.4.0/avr5\libgcc.a(_clear_bss.o)

Memory Configuration

Name             Origin             Length             Attributes
text             0x00000000         0x00008000         xr
data             0x00800060         0x00000800         rw !x
eeprom           0x00810000         0x00000400         rw !x
fuse             0x00820000         0x00000002         rw !x
lock             0x00830000         0x00000400         rw !x
signature        0x00840000         0x00000400         rw !x
user_signatures  0x00850000         0x00000400         rw !x
*default*        0x00000000         0xffffffff

Linker script and memory map

LOAD C:/Program Files (x86)/Atmel/Studio/7.0/Packs/atmel/ATmega_DFP/1.6.364/gcc/dev/atmega32/avr5/crtatmega32.o
LOAD APP/EEPROM_APP/APP.o
LOAD ECUAL/EEPROM/EEPROM.o
LOAD main.o
LOAD MCAL/DIO/DIO.o
LOAD MCAL/DIO/DIO_Cfg.o
LOAD MCAL/I2C/I2C.o
LOAD MCAL/UART/UART.o
START GROUP
LOAD c:/program files (x86)/atmel/studio/7.0/toolchain/avr8/avr8-gnu-toolchain/bin/../lib/gcc/avr/5.4.0/../../../../avr/lib/avr5\libm.a
END GROUP
START GROUP
LOAD c:/program files (x86)/atmel/studio/7.0/toolchain/avr8/avr8-gnu-toolchain/bin/../lib/gcc/avr/5.4.0/avr5\libgcc.a
LOAD c:/program files (x86)/atmel/studio/7.0/toolchain/avr8/avr8-gnu-toolchain/bin/../lib/gcc/avr/5.4.0/../../../../avr/lib/avr5\libm.a
LOAD c:/program files (x86)/atmel/studio/7.0/toolchain/avr8/avr8-gnu-toolchain/bin/../lib/gcc/avr/5.4.0/../../../../avr/lib/avr5\libc.a
LOAD C:/Program Files (x86)/Atmel/Studio/7.0/Packs/atmel/ATmega_DFP/1.6.364/gcc/dev/atmega32/avr5\libatmega32.a
END GROUP
                0x00000000                __TEXT_REGION_ORIGIN__ = DEFINED (__TEXT_REGION_ORIGIN__)?__TEXT_REGION_ORIGIN__:0x0
                [0x00800060]                __DATA_REGION_ORIGIN__ = DEFINED (__DATA_REGION_ORIGIN__)?__DATA_REGION_ORIGIN__:0x800060
                [0x00008000]                __TEXT_REGION_LENGTH__ = DEFINED (__TEXT_REGION_LENGTH__)?__TEXT_REGION_LENGTH__:0x20000
                [0x00000800]                __DATA_REGION_LENGTH__ = DEFINED (__DATA_REGION_LENGTH__)?__DATA_REGION_LENGTH__:0xffa0
                [0x00000400]                __EEPROM_REGION_LENGTH__ = DEFINED (__EEPROM_REGION_LENGTH__)?__EEPROM_REGION_LENGTH__:0x10000
                [0x00000002]                __FUSE_REGION_LENGTH__ = DEFINED (__FUSE_REGION_LENGTH__)?__FUSE_REGION_LENGTH__:0x400
                0x00000400                __LOCK_REGION_LENGTH__ = DEFINED (__LOCK_REGION_LENGTH__)?__LOCK_REGION_LENGTH__:0x400
                0x00000400                __SIGNATURE_REGION_LENGTH__ = DEFINED (__SIGNATURE_REGION_LENGTH__)?__SIGNATURE_REGION_LENGTH__:0x400
                0x00000400                __USER_SIGNATURE_REGION_LENGTH__ = DEFINED (__USER_SIGNATURE_REGION_LENGTH__)?__USER_SIGNATURE_REGION_LENGTH__:0x400

.hash
 *(.hash)

.dynsym
 *(.dynsym)

.dynstr
 *(.dynstr)

.gnu.version
 *(.gnu.version)

.gnu.version_d
 *(.gnu.version_d)

.gnu.version_r
 *(.gnu.version_r)

.rel.init
 *(.rel.init)

.rela.init
 *(.rela.init)

.rel.text
 *(.rel.text)
 *(.rel.text.*)
 *(.rel.gnu.linkonce.t*)

.rela.text
 *(.rela.text)
 *(.rela.text.*)
 *(.rela.gnu.linkonce.t*)

.rel.fini
 *(.rel.fini)

.rela.fini
 *(.rela.fini)

.rel.rodata
 *(.rel.rodata)
 *(.rel.rodata.*)
 *(.rel.gnu.linkonce.r*)

.rela.rodata
 *(.rela.rodata)
 *(.rela.rodata.*)
 *(.rela.gnu.linkonce.r*)

.rel.data
 *(.rel.data)
 *(.rel.data.*)
 *(.rel.gnu.linkonce.d*)

.rela.data
 *(.rela.data)
 *(.rela.data.*)
 *(.rela.gnu.linkonce.d*)

.rel.ctors
 *(.rel.ctors)

.rela.ctors
 *(.rela.ctors)

.rel.dtors
 *(.rel.dtors)

.rela.dtors
 *(.rela.dtors)

.rel.got
 *(.rel.got)

.rela.got
 *(.rela.got)

.rel.bss
 *(.rel.bss)

.rela.bss
 *(.rela.bss)

.rel.plt
 *(.rel.plt)

.rela.plt
 *(.rela.plt)

.text           0x00000000      0x778
 *(.vectors)
 .vectors       0x00000000       0x54 C:/Program Files (x86)/Atmel/Studio/7.0/Packs/atmel/ATmega_DFP/1.6.364/gcc/dev/atmega32/avr5/crtatmega32.o
                0x00000000                __vector_default
                0x00000000                __vectors
 *(.vectors)
 *(.progmem.gcc*)
                0x00000054                . = ALIGN (0x2)
                0x00000054                __trampolines_start = .
 *(.trampolines)
 .trampolines   0x00000054        0x0 linker stubs
 *(.trampolines*)
                0x00000054                __trampolines_end = .
 *libprintf_flt.a:*(.progmem.data)
 *libc.a:*(.progmem.data)
 *(.progmem*)
                0x00000054                . = ALIGN (0x2)
 *(.jumptables)
 *(.jumptables*)
 *(.lowtext)
 *(.lowtext*)
                0x00000054                __ctors_start = .
 *(.ctors)
                0x00000054                __ctors_end = .
                0x00000054                __dtors_start = .
 *(.dtors)
                0x00000054                __dtors_end = .
 SORT(*)(.ctors)
 SORT(*)(.dtors)
 *(.init0)
 .init0         0x00000054        0x0 C:/Program Files (x86)/Atmel/Studio/7.0/Packs/atmel/ATmega_DFP/1.6.364/gcc/dev/atmega32/avr5/crtatmega32.o
                0x00000054                __init
 *(.init0)
 *(.init1)
 *(.init1)
 *(.init2)
 .init2         0x00000054        0xc C:/Program Files (x86)/Atmel/Studio/7.0/Packs/atmel/ATmega_DFP/1.6.364/gcc/dev/atmega32/avr5/crtatmega32.o
 *(.init2)
 *(.init3)
 *(.init3)
 *(.init4)
 .init4         0x00000060       0x16 c:/program files (x86)/atmel/studio/7.0/toolchain/avr8/avr8-gnu-toolchain/bin/../lib/gcc/avr/5.4.0/avr5\libgcc.a(_copy_data.o)
                0x00000060                __do_copy_data
 .init4         0x00000076       0x10 c:/program files (x86)/atmel/studio/7.0/toolchain/avr8/avr8-gnu-toolchain/bin/../lib/gcc/avr/5.4.0/avr5\libgcc.a(_clear_bss.o)
                0x00000076                __do_clear_bss
 *(.init4)
 *(.init5)
 *(.init5)
 *(.init6)
 *(.init6)
 *(.init7)
 *(.init7)
 *(.init8)
 *(.init8)
 *(.init9)
 .init9         0x00000086        0x8 C:/Program Files (x86)/Atmel/Studio/7.0/Packs/atmel/ATmega_DFP/1.6.364/gcc/dev/atmega32/avr5/crtatmega32.o
 *(.init9)
 *(.text)
 .text          0x0000008e        0x4 C:/Program Files (x86)/Atmel/Studio/7.0/Packs/atmel/ATmega_DFP/1.6.364/gcc/dev/atmega32/avr5/crtatmega32.o
                0x0000008e                __vector_1
                0x0000008e                __vector_12
                0x0000008e                __bad_interrupt
                0x0000008e                __vector_6
                0x0000008e                __vector_3
                0x0000008e                __vector_11
                0x0000008e                __vector_17
                0x0000008e                __vector_7
                0x0000008e                __vector_5
                0x0000008e                __vector_4
                0x0000008e                __vector_9
                0x0000008e                __vector_2
                0x0000008e                __vector_8
                0x0000008e                __vector_14
                0x0000008e                __vector_10
                0x0000008e                __vector_16
                0x0000008e                __vector_18
                0x0000008e                __vector_20
                0x00000092                . = ALIGN (0x2)
 *(.text.*)
 .text.String_compare
                0x00000092       0x3e APP/EEPROM_APP/APP.o
 .text.APP_Init
                0x000000d0        0xa APP/EEPROM_APP/APP.o
                0x000000d0                APP_Init
 .text.APP_Update
                0x000000da      0x15a APP/EEPROM_APP/APP.o
                0x000000da                APP_Update
 .text.EEPROM_Init
                0x00000234        0x8 ECUAL/EEPROM/EEPROM.o
                0x00000234                EEPROM_Init
 .text.EEPROM_WriteByte
                0x0000023c       0x36 ECUAL/EEPROM/EEPROM.o
                0x0000023c                EEPROM_WriteByte
 .text.EEPROM_ReadByte
                0x00000272       0x48 ECUAL/EEPROM/EEPROM.o
                0x00000272                EEPROM_ReadByte
 .text.main     0x000002ba        0xa main.o
                0x000002ba                main
 .text.I2C_GetStatus
                0x000002c4        0x6 MCAL/I2C/I2C.o
 .text.I2C_Init
                0x000002ca       0x50 MCAL/I2C/I2C.o
                0x000002ca                I2C_Init
 .text.I2C_Start
                0x0000031a       0x1a MCAL/I2C/I2C.o
                0x0000031a                I2C_Start
 .text.I2C_Repeated_Start
                0x00000334       0x1a MCAL/I2C/I2C.o
                0x00000334                I2C_Repeated_Start
 .text.I2C_Stop
                0x0000034e        0x8 MCAL/I2C/I2C.o
                0x0000034e                I2C_Stop
 .text.I2C_SendAddressFrame
                0x00000356       0x50 MCAL/I2C/I2C.o
                0x00000356                I2C_SendAddressFrame
 .text.I2C_SendDataFrame
                0x000003a6       0x32 MCAL/I2C/I2C.o
                0x000003a6                I2C_SendDataFrame
 .text.I2C_RecieveDataFrame
                0x000003d8       0x6e MCAL/I2C/I2C.o
                0x000003d8                I2C_RecieveDataFrame
 .text.__vector_19
                0x00000446       0x52 MCAL/I2C/I2C.o
                0x00000446                __vector_19
 .text.UART_Init
                0x00000498       0x54 MCAL/UART/UART.o
                0x00000498                UART_Init
 .text.UART_ReceiveData
                0x000004ec       0x20 MCAL/UART/UART.o
                0x000004ec                UART_ReceiveData
 .text.UART_SendData
                0x0000050c        0xa MCAL/UART/UART.o
                0x0000050c                UART_SendData
 .text.UART_ReceiveString
                0x00000516       0x60 MCAL/UART/UART.o
                0x00000516                UART_ReceiveString
 .text.UART_SendString
                0x00000576       0x32 MCAL/UART/UART.o
                0x00000576                UART_SendString
 .text.UART_ReceiveHex
                0x000005a8      0x100 MCAL/UART/UART.o
                0x000005a8                UART_ReceiveHex
 .text.__vector_13
                0x000006a8       0x52 MCAL/UART/UART.o
                0x000006a8                __vector_13
 .text.__vector_15
                0x000006fa       0x52 MCAL/UART/UART.o
                0x000006fa                __vector_15
 .text.libgcc.div
                0x0000074c       0x28 c:/program files (x86)/atmel/studio/7.0/toolchain/avr8/avr8-gnu-toolchain/bin/../lib/gcc/avr/5.4.0/avr5\libgcc.a(_udivmodhi4.o)
                0x0000074c                __udivmodhi4
                0x00000774                . = ALIGN (0x2)
 *(.fini9)
 .fini9         0x00000774        0x0 c:/program files (x86)/atmel/studio/7.0/toolchain/avr8/avr8-gnu-toolchain/bin/../lib/gcc/avr/5.4.0/avr5\libgcc.a(_exit.o)
                0x00000774                _exit
                0x00000774                exit
 *(.fini9)
 *(.fini8)
 *(.fini8)
 *(.fini7)
 *(.fini7)
 *(.fini6)
 *(.fini6)
 *(.fini5)
 *(.fini5)
 *(.fini4)
 *(.fini4)
 *(.fini3)
 *(.fini3)
 *(.fini2)
 *(.fini2)
 *(.fini1)
 *(.fini1)
 *(.fini0)
 .fini0         0x00000774        0x4 c:/program files (x86)/atmel/studio/7.0/toolchain/avr8/avr8-gnu-toolchain/bin/../lib/gcc/avr/5.4.0/avr5\libgcc.a(_exit.o)
 *(.fini0)
                0x00000778                _etext = .

.data           0x00800060       0x4a load address 0x00000778
                0x00800060                PROVIDE (__data_start, .)
 *(.data)
 *(.data*)
 .data.Operation.1686
                0x00800060        0x1 APP/EEPROM_APP/APP.o
 *(.gnu.linkonce.d*)
 *(.rodata)
 *(.rodata*)
 .rodata.str1.1
                0x00800061       0x48 APP/EEPROM_APP/APP.o
                                 0x4c (size before relaxing)
 *(.gnu.linkonce.r*)
                0x008000aa                . = ALIGN (0x2)
 *fill*         0x008000a9        0x1 
                0x008000aa                _edata = .
                0x008000aa                PROVIDE (__data_end, .)

.bss            0x008000aa       0x18
                0x008000aa                PROVIDE (__bss_start, .)
 *(.bss)
 *(.bss*)
 .bss.u8Data.1682
                0x008000aa        0x2 APP/EEPROM_APP/APP.o
 .bss.u16Address.1684
                0x008000ac        0x4 APP/EEPROM_APP/APP.o
 .bss.pu8uart_buf.1685
                0x008000b0        0xa APP/EEPROM_APP/APP.o
 .bss.Flag.1683
                0x008000ba        0x2 APP/EEPROM_APP/APP.o
 .bss.I2C_Callback
                0x008000bc        0x2 MCAL/I2C/I2C.o
                0x008000bc                I2C_Callback
 .bss.TXC_Callback
                0x008000be        0x2 MCAL/UART/UART.o
                0x008000be                TXC_Callback
 .bss.RXC_Callback
                0x008000c0        0x2 MCAL/UART/UART.o
                0x008000c0                RXC_Callback
 *(COMMON)
                0x008000c2                PROVIDE (__bss_end, .)
                0x00000778                __data_load_start = LOADADDR (.data)
                0x000007c2                __data_load_end = (__data_load_start + SIZEOF (.data))

.noinit         0x008000c2        0x0
                [!provide]                PROVIDE (__noinit_start, .)
 *(.noinit*)
                [!provide]                PROVIDE (__noinit_end, .)
                0x008000c2                _end = .
                [!provide]                PROVIDE (__heap_start, .)

.eeprom         0x00810000        0x0
 *(.eeprom*)
                0x00810000                __eeprom_end = .

.fuse
 *(.fuse)
 *(.lfuse)
 *(.hfuse)
 *(.efuse)

.lock
 *(.lock*)

.signature
 *(.signature*)

.user_signatures
 *(.user_signatures*)

.stab
 *(.stab)

.stabstr
 *(.stabstr)

.stab.excl
 *(.stab.excl)

.stab.exclstr
 *(.stab.exclstr)

.stab.index
 *(.stab.index)

.stab.indexstr
 *(.stab.indexstr)

.comment        0x00000000       0x30
 *(.comment)
 .comment       0x00000000       0x30 APP/EEPROM_APP/APP.o
                                 0x31 (size before relaxing)
 .comment       0x00000030       0x31 ECUAL/EEPROM/EEPROM.o
 .comment       0x00000030       0x31 main.o
 .comment       0x00000030       0x31 MCAL/I2C/I2C.o
 .comment       0x00000030       0x31 MCAL/UART/UART.o

.note.gnu.avr.deviceinfo
                0x00000000       0x3c
 .note.gnu.avr.deviceinfo
                0x00000000       0x3c C:/Program Files (x86)/Atmel/Studio/7.0/Packs/atmel/ATmega_DFP/1.6.364/gcc/dev/atmega32/avr5/crtatmega32.o

.note.gnu.build-id
 *(.note.gnu.build-id)

.debug
 *(.debug)

.line
 *(.line)

.debug_srcinfo
 *(.debug_srcinfo)

.debug_sfnames
 *(.debug_sfnames)

.debug_aranges  0x00000000      0x1b0
 *(.debug_aranges)
 .debug_aranges
                0x00000000       0x30 APP/EEPROM_APP/APP.o
 .debug_aranges
                0x00000030       0x30 ECUAL/EEPROM/EEPROM.o
 .debug_aranges
                0x00000060       0x20 main.o
 .debug_aranges
                0x00000080       0x98 MCAL/I2C/I2C.o
 .debug_aranges
                0x00000118       0x98 MCAL/UART/UART.o

.debug_pubnames
 *(.debug_pubnames)

.debug_info     0x00000000     0x160e
 *(.debug_info .gnu.linkonce.wi.*)
 .debug_info    0x00000000      0x4e6 C:/Program Files (x86)/Atmel/Studio/7.0/Packs/atmel/ATmega_DFP/1.6.364/gcc/dev/atmega32/avr5/crtatmega32.o
 .debug_info    0x000004e6      0x416 APP/EEPROM_APP/APP.o
 .debug_info    0x000008fc      0x2fd ECUAL/EEPROM/EEPROM.o
 .debug_info    0x00000bf9       0xae main.o
 .debug_info    0x00000ca7      0x54e MCAL/I2C/I2C.o
 .debug_info    0x000011f5      0x419 MCAL/UART/UART.o

.debug_abbrev   0x00000000      0xab7
 *(.debug_abbrev)
 .debug_abbrev  0x00000000      0x4a3 C:/Program Files (x86)/Atmel/Studio/7.0/Packs/atmel/ATmega_DFP/1.6.364/gcc/dev/atmega32/avr5/crtatmega32.o
 .debug_abbrev  0x000004a3      0x11d APP/EEPROM_APP/APP.o
 .debug_abbrev  0x000005c0       0xef ECUAL/EEPROM/EEPROM.o
 .debug_abbrev  0x000006af       0x68 main.o
 .debug_abbrev  0x00000717      0x1d0 MCAL/I2C/I2C.o
 .debug_abbrev  0x000008e7      0x1d0 MCAL/UART/UART.o

.debug_line     0x00000000      0xcb0
 *(.debug_line .debug_line.* .debug_line_end)
 .debug_line    0x00000000      0x116 C:/Program Files (x86)/Atmel/Studio/7.0/Packs/atmel/ATmega_DFP/1.6.364/gcc/dev/atmega32/avr5/crtatmega32.o
 .debug_line    0x00000116      0x1c9 APP/EEPROM_APP/APP.o
 .debug_line    0x000002df      0x106 ECUAL/EEPROM/EEPROM.o
 .debug_line    0x000003e5       0x66 main.o
 .debug_line    0x0000044b      0x4a3 MCAL/I2C/I2C.o
 .debug_line    0x000008ee      0x3c2 MCAL/UART/UART.o

.debug_frame    0x00000000      0x46c
 *(.debug_frame)
 .debug_frame   0x00000000       0x44 APP/EEPROM_APP/APP.o
 .debug_frame   0x00000044       0x68 ECUAL/EEPROM/EEPROM.o
 .debug_frame   0x000000ac       0x24 main.o
 .debug_frame   0x000000d0      0x19c MCAL/I2C/I2C.o
 .debug_frame   0x0000026c      0x200 MCAL/UART/UART.o

.debug_str      0x00000000      0x790
 *(.debug_str)
 .debug_str     0x00000000      0x196 C:/Program Files (x86)/Atmel/Studio/7.0/Packs/atmel/ATmega_DFP/1.6.364/gcc/dev/atmega32/avr5/crtatmega32.o
 .debug_str     0x00000196      0x25d APP/EEPROM_APP/APP.o
                                0x298 (size before relaxing)
 .debug_str     0x000003f3       0xf1 ECUAL/EEPROM/EEPROM.o
                                0x296 (size before relaxing)
 .debug_str     0x000004e4       0x11 main.o
                                0x17a (size before relaxing)
 .debug_str     0x000004f5      0x14c MCAL/I2C/I2C.o
                                0x368 (size before relaxing)
 .debug_str     0x00000641      0x14f MCAL/UART/UART.o
                                0x355 (size before relaxing)

.debug_loc      0x00000000      0xdf2
 *(.debug_loc)
 .debug_loc     0x00000000       0x4c APP/EEPROM_APP/APP.o
 .debug_loc     0x0000004c      0x1b0 ECUAL/EEPROM/EEPROM.o
 .debug_loc     0x000001fc      0x576 MCAL/I2C/I2C.o
 .debug_loc     0x00000772      0x680 MCAL/UART/UART.o

.debug_macinfo
 *(.debug_macinfo)

.debug_weaknames
 *(.debug_weaknames)

.debug_funcnames
 *(.debug_funcnames)

.debug_typenames
 *(.debug_typenames)

.debug_varnames
 *(.debug_varnames)

.debug_pubtypes
 *(.debug_pubtypes)

.debug_ranges   0x00000000      0x198
 *(.debug_ranges)
 .debug_ranges  0x00000000       0x20 APP/EEPROM_APP/APP.o
 .debug_ranges  0x00000020       0x20 ECUAL/EEPROM/EEPROM.o
 .debug_ranges  0x00000040       0x10 main.o
 .debug_ranges  0x00000050       0xa0 MCAL/I2C/I2C.o
 .debug_ranges  0x000000f0       0xa8 MCAL/UART/UART.o

.debug_macro
 *(.debug_macro)
OUTPUT(EEPROM_TASK.elf elf32-avr)
LOAD linker stubs
