Archive member included to satisfy reference by file (symbol)

c:/program files (x86)/atmel/studio/7.0/toolchain/avr8/avr8-gnu-toolchain/bin/../lib/gcc/avr/5.4.0/avr5\libgcc.a(_udivmodsi4.o)
                              ECUAL/Ultrasonic/Ultrasonic.o (__udivmodsi4)
c:/program files (x86)/atmel/studio/7.0/toolchain/avr8/avr8-gnu-toolchain/bin/../lib/gcc/avr/5.4.0/avr5\libgcc.a(_exit.o)
                              C:/Program Files (x86)/Atmel/Studio/7.0/Packs/atmel/ATmega_DFP/1.6.364/gcc/dev/atmega32/avr5/crtatmega32.o (exit)
c:/program files (x86)/atmel/studio/7.0/toolchain/avr8/avr8-gnu-toolchain/bin/../lib/gcc/avr/5.4.0/avr5\libgcc.a(_tablejump2.o)
                              ECUAL/LCD/LCD.o (__tablejump2__)
c:/program files (x86)/atmel/studio/7.0/toolchain/avr8/avr8-gnu-toolchain/bin/../lib/gcc/avr/5.4.0/avr5\libgcc.a(_copy_data.o)
                              APP/DisplayDistance/DisplayDistance.o (__do_copy_data)
c:/program files (x86)/atmel/studio/7.0/toolchain/avr8/avr8-gnu-toolchain/bin/../lib/gcc/avr/5.4.0/avr5\libgcc.a(_clear_bss.o)
                              APP/CarControl/CarControl.o (__do_clear_bss)
c:/program files (x86)/atmel/studio/7.0/toolchain/avr8/avr8-gnu-toolchain/bin/../lib/gcc/avr/5.4.0/avr5\libgcc.a(_umulhisi3.o)
                              MCAL/PWM/PWM.o (__umulhisi3)
c:/program files (x86)/atmel/studio/7.0/toolchain/avr8/avr8-gnu-toolchain/bin/../lib/gcc/avr/5.4.0/avr5\libgcc.a(_muluhisi3.o)
                              ECUAL/SW_ICU/SW_ICU.o (__muluhisi3)
c:/program files (x86)/atmel/studio/7.0/toolchain/avr8/avr8-gnu-toolchain/bin/../lib/gcc/avr/5.4.0/avr5\libgcc.a(_muldi3.o)
                              MCAL/Timer/Timer.o (__muldi3)
c:/program files (x86)/atmel/studio/7.0/toolchain/avr8/avr8-gnu-toolchain/bin/../lib/gcc/avr/5.4.0/avr5\libgcc.a(_muldi3_6.o)
                              c:/program files (x86)/atmel/studio/7.0/toolchain/avr8/avr8-gnu-toolchain/bin/../lib/gcc/avr/5.4.0/avr5\libgcc.a(_muldi3.o) (__muldi3_6)
c:/program files (x86)/atmel/studio/7.0/toolchain/avr8/avr8-gnu-toolchain/bin/../lib/gcc/avr/5.4.0/avr5\libgcc.a(_udivdi3.o)
                              MCAL/Timer/Timer.o (__udivdi3)
c:/program files (x86)/atmel/studio/7.0/toolchain/avr8/avr8-gnu-toolchain/bin/../lib/gcc/avr/5.4.0/avr5\libgcc.a(_udivmod64.o)
                              c:/program files (x86)/atmel/studio/7.0/toolchain/avr8/avr8-gnu-toolchain/bin/../lib/gcc/avr/5.4.0/avr5\libgcc.a(_udivdi3.o) (__udivmod64)
c:/program files (x86)/atmel/studio/7.0/toolchain/avr8/avr8-gnu-toolchain/bin/../lib/gcc/avr/5.4.0/avr5\libgcc.a(_ashldi3.o)
                              Services/TDelay/TDelay.o (__ashldi3)
c:/program files (x86)/atmel/studio/7.0/toolchain/avr8/avr8-gnu-toolchain/bin/../lib/gcc/avr/5.4.0/avr5\libgcc.a(_adddi3.o)
                              Services/TDelay/TDelay.o (__adddi3)
c:/program files (x86)/atmel/studio/7.0/toolchain/avr8/avr8-gnu-toolchain/bin/../lib/gcc/avr/5.4.0/avr5\libgcc.a(_adddi3_s8.o)
                              MCAL/Timer/Timer.o (__adddi3_s8)
c:/program files (x86)/atmel/studio/7.0/toolchain/avr8/avr8-gnu-toolchain/bin/../lib/gcc/avr/5.4.0/avr5\libgcc.a(_subdi3.o)
                              Services/TDelay/TDelay.o (__subdi3)
c:/program files (x86)/atmel/studio/7.0/toolchain/avr8/avr8-gnu-toolchain/bin/../lib/gcc/avr/5.4.0/avr5\libgcc.a(_cmpdi2.o)
                              MCAL/Timer/Timer.o (__cmpdi2)
c:/program files (x86)/atmel/studio/7.0/toolchain/avr8/avr8-gnu-toolchain/bin/../lib/gcc/avr/5.4.0/avr5\libgcc.a(_cmpdi2_s8.o)
                              MCAL/Timer/Timer.o (__cmpdi2_s8)
c:/program files (x86)/atmel/studio/7.0/toolchain/avr8/avr8-gnu-toolchain/bin/../lib/gcc/avr/5.4.0/../../../../avr/lib/avr5\libc.a(itoa_ncheck.o)
                              ECUAL/LCD/LCD.o (__itoa_ncheck)
c:/program files (x86)/atmel/studio/7.0/toolchain/avr8/avr8-gnu-toolchain/bin/../lib/gcc/avr/5.4.0/../../../../avr/lib/avr5\libc.a(utoa_ncheck.o)
                              c:/program files (x86)/atmel/studio/7.0/toolchain/avr8/avr8-gnu-toolchain/bin/../lib/gcc/avr/5.4.0/../../../../avr/lib/avr5\libc.a(itoa_ncheck.o) (__utoa_common)
c:/program files (x86)/atmel/studio/7.0/toolchain/avr8/avr8-gnu-toolchain/bin/../lib/gcc/avr/5.4.0/../../../../avr/lib/avr5\libc.a(strrev.o)
                              c:/program files (x86)/atmel/studio/7.0/toolchain/avr8/avr8-gnu-toolchain/bin/../lib/gcc/avr/5.4.0/../../../../avr/lib/avr5\libc.a(utoa_ncheck.o) (strrev)

Allocating common symbols
Common symbol       size              file

gu8UltrasonicFlag   0x1               APP/CarControl/CarControl.o
pEXTINT1CallBack    0x2               MCAL/EX_INT/EXT_INT.o
pEXTINT2CallBack    0x2               MCAL/EX_INT/EXT_INT.o
pEXTINT0CallBack    0x2               MCAL/EX_INT/EXT_INT.o
gu16Distance        0x2               APP/CarControl/CarControl.o

Discarded input sections

 .data          0x00000000        0x0 C:/Program Files (x86)/Atmel/Studio/7.0/Packs/atmel/ATmega_DFP/1.6.364/gcc/dev/atmega32/avr5/crtatmega32.o
 .bss           0x00000000        0x0 C:/Program Files (x86)/Atmel/Studio/7.0/Packs/atmel/ATmega_DFP/1.6.364/gcc/dev/atmega32/avr5/crtatmega32.o
 .text          0x00000000        0x0 APP/CarControl/CarControl.o
 .data          0x00000000        0x0 APP/CarControl/CarControl.o
 .bss           0x00000000        0x0 APP/CarControl/CarControl.o
 .text          0x00000000        0x0 APP/DisplayDistance/DisplayDistance.o
 .data          0x00000000        0x0 APP/DisplayDistance/DisplayDistance.o
 .bss           0x00000000        0x0 APP/DisplayDistance/DisplayDistance.o
 .text          0x00000000        0x0 APP/GetDistance/GetDistance.o
 .data          0x00000000        0x0 APP/GetDistance/GetDistance.o
 .bss           0x00000000        0x0 APP/GetDistance/GetDistance.o
 .text          0x00000000        0x0 APP/HBridgeControl/HBridgeControl.o
 .data          0x00000000        0x0 APP/HBridgeControl/HBridgeControl.o
 .bss           0x00000000        0x0 APP/HBridgeControl/HBridgeControl.o
 .text          0x00000000        0x0 ECUAL/HBridge/HBridge.o
 .data          0x00000000        0x0 ECUAL/HBridge/HBridge.o
 .bss           0x00000000        0x0 ECUAL/HBridge/HBridge.o
 .text.HBridge_Stop
                0x00000000       0x14 ECUAL/HBridge/HBridge.o
 .text          0x00000000        0x0 ECUAL/LCD/LCD.o
 .data          0x00000000        0x0 ECUAL/LCD/LCD.o
 .bss           0x00000000        0x0 ECUAL/LCD/LCD.o
 .text.LCD_displayStringRowColumn
                0x00000000       0x16 ECUAL/LCD/LCD.o
 .text.LCD_clearScreen
                0x00000000       0x60 ECUAL/LCD/LCD.o
 .bss.enuRetVar.2107
                0x00000000        0x1 ECUAL/LCD/LCD.o
 .text          0x00000000        0x0 ECUAL/SW_ICU/SW_ICU.o
 .data          0x00000000        0x0 ECUAL/SW_ICU/SW_ICU.o
 .bss           0x00000000        0x0 ECUAL/SW_ICU/SW_ICU.o
 .text          0x00000000        0x0 ECUAL/Ultrasonic/Ultrasonic.o
 .data          0x00000000        0x0 ECUAL/Ultrasonic/Ultrasonic.o
 .bss           0x00000000        0x0 ECUAL/Ultrasonic/Ultrasonic.o
 .text.Ultrasonic_GetReading_Polling
                0x00000000       0x80 ECUAL/Ultrasonic/Ultrasonic.o
 .text          0x00000000        0x0 main.o
 .data          0x00000000        0x0 main.o
 .bss           0x00000000        0x0 main.o
 .text          0x00000000        0x0 MCAL/DIO/DIO.o
 .data          0x00000000        0x0 MCAL/DIO/DIO.o
 .bss           0x00000000        0x0 MCAL/DIO/DIO.o
 .text.DIO_PortInit
                0x00000000       0x2a MCAL/DIO/DIO.o
 .text.DIO_PortWrite
                0x00000000       0x22 MCAL/DIO/DIO.o
 .text.DIO_PinRead
                0x00000000       0x58 MCAL/DIO/DIO.o
 .text.DIO_PortRead
                0x00000000       0x28 MCAL/DIO/DIO.o
 .text.DIO_PinToggle
                0x00000000       0x70 MCAL/DIO/DIO.o
 .text.DIO_PortToggle
                0x00000000       0x2a MCAL/DIO/DIO.o
 .bss.aenuDIOPortState
                0x00000000        0x4 MCAL/DIO/DIO.o
 .text          0x00000000        0x0 MCAL/EX_INT/EXT_INT.o
 .data          0x00000000        0x0 MCAL/EX_INT/EXT_INT.o
 .bss           0x00000000        0x0 MCAL/EX_INT/EXT_INT.o
 .text          0x00000000        0x0 MCAL/PWM/PWM.o
 .data          0x00000000        0x0 MCAL/PWM/PWM.o
 .bss           0x00000000        0x0 MCAL/PWM/PWM.o
 .text.PWM_Stop
                0x00000000       0x48 MCAL/PWM/PWM.o
 .text          0x00000000        0x0 MCAL/Timer/Timer.o
 .data          0x00000000        0x0 MCAL/Timer/Timer.o
 .bss           0x00000000        0x0 MCAL/Timer/Timer.o
 .text.T0_OC0Mode
                0x00000000       0x54 MCAL/Timer/Timer.o
 .text.T0_OC_InterruptEnable
                0x00000000        0xa MCAL/Timer/Timer.o
 .text.Timer1_OCRA1Mode
                0x00000000       0x54 MCAL/Timer/Timer.o
 .text.Timer1_OCRB1Mode
                0x00000000       0x54 MCAL/Timer/Timer.o
 .text.Timer1_OVF_InterruptDisable
                0x00000000        0xa MCAL/Timer/Timer.o
 .text.Timer1_OCA_InterruptEnable
                0x00000000        0xa MCAL/Timer/Timer.o
 .text.Timer1_OCA_InterruptDisable
                0x00000000        0xa MCAL/Timer/Timer.o
 .text.Timer1_OCB_InterruptEnable
                0x00000000        0xa MCAL/Timer/Timer.o
 .text.Timer1_OCB_InterruptDisable
                0x00000000        0xa MCAL/Timer/Timer.o
 .text.Timer1_OVF_SetCallback
                0x00000000       0x14 MCAL/Timer/Timer.o
 .text.T2_OC2Mode
                0x00000000       0x54 MCAL/Timer/Timer.o
 .text.T2_OC_InterruptEnable
                0x00000000        0xa MCAL/Timer/Timer.o
 .text          0x00000000        0x0 Services/TDelay/TDelay.o
 .data          0x00000000        0x0 Services/TDelay/TDelay.o
 .bss           0x00000000        0x0 Services/TDelay/TDelay.o
 .text          0x00000000        0x0 c:/program files (x86)/atmel/studio/7.0/toolchain/avr8/avr8-gnu-toolchain/bin/../lib/gcc/avr/5.4.0/avr5\libgcc.a(_udivmodsi4.o)
 .data          0x00000000        0x0 c:/program files (x86)/atmel/studio/7.0/toolchain/avr8/avr8-gnu-toolchain/bin/../lib/gcc/avr/5.4.0/avr5\libgcc.a(_udivmodsi4.o)
 .bss           0x00000000        0x0 c:/program files (x86)/atmel/studio/7.0/toolchain/avr8/avr8-gnu-toolchain/bin/../lib/gcc/avr/5.4.0/avr5\libgcc.a(_udivmodsi4.o)
 .text.libgcc.mul
                0x00000000        0x0 c:/program files (x86)/atmel/studio/7.0/toolchain/avr8/avr8-gnu-toolchain/bin/../lib/gcc/avr/5.4.0/avr5\libgcc.a(_udivmodsi4.o)
 .text.libgcc   0x00000000        0x0 c:/program files (x86)/atmel/studio/7.0/toolchain/avr8/avr8-gnu-toolchain/bin/../lib/gcc/avr/5.4.0/avr5\libgcc.a(_udivmodsi4.o)
 .text.libgcc.prologue
                0x00000000        0x0 c:/program files (x86)/atmel/studio/7.0/toolchain/avr8/avr8-gnu-toolchain/bin/../lib/gcc/avr/5.4.0/avr5\libgcc.a(_udivmodsi4.o)
 .text.libgcc.builtins
                0x00000000        0x0 c:/program files (x86)/atmel/studio/7.0/toolchain/avr8/avr8-gnu-toolchain/bin/../lib/gcc/avr/5.4.0/avr5\libgcc.a(_udivmodsi4.o)
 .text.libgcc.fmul
                0x00000000        0x0 c:/program files (x86)/atmel/studio/7.0/toolchain/avr8/avr8-gnu-toolchain/bin/../lib/gcc/avr/5.4.0/avr5\libgcc.a(_udivmodsi4.o)
 .text.libgcc.fixed
                0x00000000        0x0 c:/program files (x86)/atmel/studio/7.0/toolchain/avr8/avr8-gnu-toolchain/bin/../lib/gcc/avr/5.4.0/avr5\libgcc.a(_udivmodsi4.o)
 .text          0x00000000        0x0 c:/program files (x86)/atmel/studio/7.0/toolchain/avr8/avr8-gnu-toolchain/bin/../lib/gcc/avr/5.4.0/avr5\libgcc.a(_exit.o)
 .data          0x00000000        0x0 c:/program files (x86)/atmel/studio/7.0/toolchain/avr8/avr8-gnu-toolchain/bin/../lib/gcc/avr/5.4.0/avr5\libgcc.a(_exit.o)
 .bss           0x00000000        0x0 c:/program files (x86)/atmel/studio/7.0/toolchain/avr8/avr8-gnu-toolchain/bin/../lib/gcc/avr/5.4.0/avr5\libgcc.a(_exit.o)
 .text.libgcc.mul
                0x00000000        0x0 c:/program files (x86)/atmel/studio/7.0/toolchain/avr8/avr8-gnu-toolchain/bin/../lib/gcc/avr/5.4.0/avr5\libgcc.a(_exit.o)
 .text.libgcc.div
                0x00000000        0x0 c:/program files (x86)/atmel/studio/7.0/toolchain/avr8/avr8-gnu-toolchain/bin/../lib/gcc/avr/5.4.0/avr5\libgcc.a(_exit.o)
 .text.libgcc   0x00000000        0x0 c:/program files (x86)/atmel/studio/7.0/toolchain/avr8/avr8-gnu-toolchain/bin/../lib/gcc/avr/5.4.0/avr5\libgcc.a(_exit.o)
 .text.libgcc.prologue
                0x00000000        0x0 c:/program files (x86)/atmel/studio/7.0/toolchain/avr8/avr8-gnu-toolchain/bin/../lib/gcc/avr/5.4.0/avr5\libgcc.a(_exit.o)
 .text.libgcc.builtins
                0x00000000        0x0 c:/program files (x86)/atmel/studio/7.0/toolchain/avr8/avr8-gnu-toolchain/bin/../lib/gcc/avr/5.4.0/avr5\libgcc.a(_exit.o)
 .text.libgcc.fmul
                0x00000000        0x0 c:/program files (x86)/atmel/studio/7.0/toolchain/avr8/avr8-gnu-toolchain/bin/../lib/gcc/avr/5.4.0/avr5\libgcc.a(_exit.o)
 .text.libgcc.fixed
                0x00000000        0x0 c:/program files (x86)/atmel/studio/7.0/toolchain/avr8/avr8-gnu-toolchain/bin/../lib/gcc/avr/5.4.0/avr5\libgcc.a(_exit.o)
 .text          0x00000000        0x0 c:/program files (x86)/atmel/studio/7.0/toolchain/avr8/avr8-gnu-toolchain/bin/../lib/gcc/avr/5.4.0/avr5\libgcc.a(_tablejump2.o)
 .data          0x00000000        0x0 c:/program files (x86)/atmel/studio/7.0/toolchain/avr8/avr8-gnu-toolchain/bin/../lib/gcc/avr/5.4.0/avr5\libgcc.a(_tablejump2.o)
 .bss           0x00000000        0x0 c:/program files (x86)/atmel/studio/7.0/toolchain/avr8/avr8-gnu-toolchain/bin/../lib/gcc/avr/5.4.0/avr5\libgcc.a(_tablejump2.o)
 .text.libgcc.mul
                0x00000000        0x0 c:/program files (x86)/atmel/studio/7.0/toolchain/avr8/avr8-gnu-toolchain/bin/../lib/gcc/avr/5.4.0/avr5\libgcc.a(_tablejump2.o)
 .text.libgcc.div
                0x00000000        0x0 c:/program files (x86)/atmel/studio/7.0/toolchain/avr8/avr8-gnu-toolchain/bin/../lib/gcc/avr/5.4.0/avr5\libgcc.a(_tablejump2.o)
 .text.libgcc.prologue
                0x00000000        0x0 c:/program files (x86)/atmel/studio/7.0/toolchain/avr8/avr8-gnu-toolchain/bin/../lib/gcc/avr/5.4.0/avr5\libgcc.a(_tablejump2.o)
 .text.libgcc.builtins
                0x00000000        0x0 c:/program files (x86)/atmel/studio/7.0/toolchain/avr8/avr8-gnu-toolchain/bin/../lib/gcc/avr/5.4.0/avr5\libgcc.a(_tablejump2.o)
 .text.libgcc.fmul
                0x00000000        0x0 c:/program files (x86)/atmel/studio/7.0/toolchain/avr8/avr8-gnu-toolchain/bin/../lib/gcc/avr/5.4.0/avr5\libgcc.a(_tablejump2.o)
 .text.libgcc.fixed
                0x00000000        0x0 c:/program files (x86)/atmel/studio/7.0/toolchain/avr8/avr8-gnu-toolchain/bin/../lib/gcc/avr/5.4.0/avr5\libgcc.a(_tablejump2.o)
 .text          0x00000000        0x0 c:/program files (x86)/atmel/studio/7.0/toolchain/avr8/avr8-gnu-toolchain/bin/../lib/gcc/avr/5.4.0/avr5\libgcc.a(_copy_data.o)
 .data          0x00000000        0x0 c:/program files (x86)/atmel/studio/7.0/toolchain/avr8/avr8-gnu-toolchain/bin/../lib/gcc/avr/5.4.0/avr5\libgcc.a(_copy_data.o)
 .bss           0x00000000        0x0 c:/program files (x86)/atmel/studio/7.0/toolchain/avr8/avr8-gnu-toolchain/bin/../lib/gcc/avr/5.4.0/avr5\libgcc.a(_copy_data.o)
 .text.libgcc.mul
                0x00000000        0x0 c:/program files (x86)/atmel/studio/7.0/toolchain/avr8/avr8-gnu-toolchain/bin/../lib/gcc/avr/5.4.0/avr5\libgcc.a(_copy_data.o)
 .text.libgcc.div
                0x00000000        0x0 c:/program files (x86)/atmel/studio/7.0/toolchain/avr8/avr8-gnu-toolchain/bin/../lib/gcc/avr/5.4.0/avr5\libgcc.a(_copy_data.o)
 .text.libgcc   0x00000000        0x0 c:/program files (x86)/atmel/studio/7.0/toolchain/avr8/avr8-gnu-toolchain/bin/../lib/gcc/avr/5.4.0/avr5\libgcc.a(_copy_data.o)
 .text.libgcc.prologue
                0x00000000        0x0 c:/program files (x86)/atmel/studio/7.0/toolchain/avr8/avr8-gnu-toolchain/bin/../lib/gcc/avr/5.4.0/avr5\libgcc.a(_copy_data.o)
 .text.libgcc.builtins
                0x00000000        0x0 c:/program files (x86)/atmel/studio/7.0/toolchain/avr8/avr8-gnu-toolchain/bin/../lib/gcc/avr/5.4.0/avr5\libgcc.a(_copy_data.o)
 .text.libgcc.fmul
                0x00000000        0x0 c:/program files (x86)/atmel/studio/7.0/toolchain/avr8/avr8-gnu-toolchain/bin/../lib/gcc/avr/5.4.0/avr5\libgcc.a(_copy_data.o)
 .text.libgcc.fixed
                0x00000000        0x0 c:/program files (x86)/atmel/studio/7.0/toolchain/avr8/avr8-gnu-toolchain/bin/../lib/gcc/avr/5.4.0/avr5\libgcc.a(_copy_data.o)
 .text          0x00000000        0x0 c:/program files (x86)/atmel/studio/7.0/toolchain/avr8/avr8-gnu-toolchain/bin/../lib/gcc/avr/5.4.0/avr5\libgcc.a(_clear_bss.o)
 .data          0x00000000        0x0 c:/program files (x86)/atmel/studio/7.0/toolchain/avr8/avr8-gnu-toolchain/bin/../lib/gcc/avr/5.4.0/avr5\libgcc.a(_clear_bss.o)
 .bss           0x00000000        0x0 c:/program files (x86)/atmel/studio/7.0/toolchain/avr8/avr8-gnu-toolchain/bin/../lib/gcc/avr/5.4.0/avr5\libgcc.a(_clear_bss.o)
 .text.libgcc.mul
                0x00000000        0x0 c:/program files (x86)/atmel/studio/7.0/toolchain/avr8/avr8-gnu-toolchain/bin/../lib/gcc/avr/5.4.0/avr5\libgcc.a(_clear_bss.o)
 .text.libgcc.div
                0x00000000        0x0 c:/program files (x86)/atmel/studio/7.0/toolchain/avr8/avr8-gnu-toolchain/bin/../lib/gcc/avr/5.4.0/avr5\libgcc.a(_clear_bss.o)
 .text.libgcc   0x00000000        0x0 c:/program files (x86)/atmel/studio/7.0/toolchain/avr8/avr8-gnu-toolchain/bin/../lib/gcc/avr/5.4.0/avr5\libgcc.a(_clear_bss.o)
 .text.libgcc.prologue
                0x00000000        0x0 c:/program files (x86)/atmel/studio/7.0/toolchain/avr8/avr8-gnu-toolchain/bin/../lib/gcc/avr/5.4.0/avr5\libgcc.a(_clear_bss.o)
 .text.libgcc.builtins
                0x00000000        0x0 c:/program files (x86)/atmel/studio/7.0/toolchain/avr8/avr8-gnu-toolchain/bin/../lib/gcc/avr/5.4.0/avr5\libgcc.a(_clear_bss.o)
 .text.libgcc.fmul
                0x00000000        0x0 c:/program files (x86)/atmel/studio/7.0/toolchain/avr8/avr8-gnu-toolchain/bin/../lib/gcc/avr/5.4.0/avr5\libgcc.a(_clear_bss.o)
 .text.libgcc.fixed
                0x00000000        0x0 c:/program files (x86)/atmel/studio/7.0/toolchain/avr8/avr8-gnu-toolchain/bin/../lib/gcc/avr/5.4.0/avr5\libgcc.a(_clear_bss.o)
 .text          0x00000000        0x0 c:/program files (x86)/atmel/studio/7.0/toolchain/avr8/avr8-gnu-toolchain/bin/../lib/gcc/avr/5.4.0/avr5\libgcc.a(_umulhisi3.o)
 .data          0x00000000        0x0 c:/program files (x86)/atmel/studio/7.0/toolchain/avr8/avr8-gnu-toolchain/bin/../lib/gcc/avr/5.4.0/avr5\libgcc.a(_umulhisi3.o)
 .bss           0x00000000        0x0 c:/program files (x86)/atmel/studio/7.0/toolchain/avr8/avr8-gnu-toolchain/bin/../lib/gcc/avr/5.4.0/avr5\libgcc.a(_umulhisi3.o)
 .text.libgcc.div
                0x00000000        0x0 c:/program files (x86)/atmel/studio/7.0/toolchain/avr8/avr8-gnu-toolchain/bin/../lib/gcc/avr/5.4.0/avr5\libgcc.a(_umulhisi3.o)
 .text.libgcc   0x00000000        0x0 c:/program files (x86)/atmel/studio/7.0/toolchain/avr8/avr8-gnu-toolchain/bin/../lib/gcc/avr/5.4.0/avr5\libgcc.a(_umulhisi3.o)
 .text.libgcc.prologue
                0x00000000        0x0 c:/program files (x86)/atmel/studio/7.0/toolchain/avr8/avr8-gnu-toolchain/bin/../lib/gcc/avr/5.4.0/avr5\libgcc.a(_umulhisi3.o)
 .text.libgcc.builtins
                0x00000000        0x0 c:/program files (x86)/atmel/studio/7.0/toolchain/avr8/avr8-gnu-toolchain/bin/../lib/gcc/avr/5.4.0/avr5\libgcc.a(_umulhisi3.o)
 .text.libgcc.fmul
                0x00000000        0x0 c:/program files (x86)/atmel/studio/7.0/toolchain/avr8/avr8-gnu-toolchain/bin/../lib/gcc/avr/5.4.0/avr5\libgcc.a(_umulhisi3.o)
 .text.libgcc.fixed
                0x00000000        0x0 c:/program files (x86)/atmel/studio/7.0/toolchain/avr8/avr8-gnu-toolchain/bin/../lib/gcc/avr/5.4.0/avr5\libgcc.a(_umulhisi3.o)
 .text          0x00000000        0x0 c:/program files (x86)/atmel/studio/7.0/toolchain/avr8/avr8-gnu-toolchain/bin/../lib/gcc/avr/5.4.0/avr5\libgcc.a(_muluhisi3.o)
 .data          0x00000000        0x0 c:/program files (x86)/atmel/studio/7.0/toolchain/avr8/avr8-gnu-toolchain/bin/../lib/gcc/avr/5.4.0/avr5\libgcc.a(_muluhisi3.o)
 .bss           0x00000000        0x0 c:/program files (x86)/atmel/studio/7.0/toolchain/avr8/avr8-gnu-toolchain/bin/../lib/gcc/avr/5.4.0/avr5\libgcc.a(_muluhisi3.o)
 .text.libgcc.div
                0x00000000        0x0 c:/program files (x86)/atmel/studio/7.0/toolchain/avr8/avr8-gnu-toolchain/bin/../lib/gcc/avr/5.4.0/avr5\libgcc.a(_muluhisi3.o)
 .text.libgcc   0x00000000        0x0 c:/program files (x86)/atmel/studio/7.0/toolchain/avr8/avr8-gnu-toolchain/bin/../lib/gcc/avr/5.4.0/avr5\libgcc.a(_muluhisi3.o)
 .text.libgcc.prologue
                0x00000000        0x0 c:/program files (x86)/atmel/studio/7.0/toolchain/avr8/avr8-gnu-toolchain/bin/../lib/gcc/avr/5.4.0/avr5\libgcc.a(_muluhisi3.o)
 .text.libgcc.builtins
                0x00000000        0x0 c:/program files (x86)/atmel/studio/7.0/toolchain/avr8/avr8-gnu-toolchain/bin/../lib/gcc/avr/5.4.0/avr5\libgcc.a(_muluhisi3.o)
 .text.libgcc.fmul
                0x00000000        0x0 c:/program files (x86)/atmel/studio/7.0/toolchain/avr8/avr8-gnu-toolchain/bin/../lib/gcc/avr/5.4.0/avr5\libgcc.a(_muluhisi3.o)
 .text.libgcc.fixed
                0x00000000        0x0 c:/program files (x86)/atmel/studio/7.0/toolchain/avr8/avr8-gnu-toolchain/bin/../lib/gcc/avr/5.4.0/avr5\libgcc.a(_muluhisi3.o)
 .text          0x00000000        0x0 c:/program files (x86)/atmel/studio/7.0/toolchain/avr8/avr8-gnu-toolchain/bin/../lib/gcc/avr/5.4.0/avr5\libgcc.a(_muldi3.o)
 .data          0x00000000        0x0 c:/program files (x86)/atmel/studio/7.0/toolchain/avr8/avr8-gnu-toolchain/bin/../lib/gcc/avr/5.4.0/avr5\libgcc.a(_muldi3.o)
 .bss           0x00000000        0x0 c:/program files (x86)/atmel/studio/7.0/toolchain/avr8/avr8-gnu-toolchain/bin/../lib/gcc/avr/5.4.0/avr5\libgcc.a(_muldi3.o)
 .text.libgcc.div
                0x00000000        0x0 c:/program files (x86)/atmel/studio/7.0/toolchain/avr8/avr8-gnu-toolchain/bin/../lib/gcc/avr/5.4.0/avr5\libgcc.a(_muldi3.o)
 .text.libgcc   0x00000000        0x0 c:/program files (x86)/atmel/studio/7.0/toolchain/avr8/avr8-gnu-toolchain/bin/../lib/gcc/avr/5.4.0/avr5\libgcc.a(_muldi3.o)
 .text.libgcc.prologue
                0x00000000        0x0 c:/program files (x86)/atmel/studio/7.0/toolchain/avr8/avr8-gnu-toolchain/bin/../lib/gcc/avr/5.4.0/avr5\libgcc.a(_muldi3.o)
 .text.libgcc.builtins
                0x00000000        0x0 c:/program files (x86)/atmel/studio/7.0/toolchain/avr8/avr8-gnu-toolchain/bin/../lib/gcc/avr/5.4.0/avr5\libgcc.a(_muldi3.o)
 .text.libgcc.fmul
                0x00000000        0x0 c:/program files (x86)/atmel/studio/7.0/toolchain/avr8/avr8-gnu-toolchain/bin/../lib/gcc/avr/5.4.0/avr5\libgcc.a(_muldi3.o)
 .text.libgcc.fixed
                0x00000000        0x0 c:/program files (x86)/atmel/studio/7.0/toolchain/avr8/avr8-gnu-toolchain/bin/../lib/gcc/avr/5.4.0/avr5\libgcc.a(_muldi3.o)
 .text          0x00000000        0x0 c:/program files (x86)/atmel/studio/7.0/toolchain/avr8/avr8-gnu-toolchain/bin/../lib/gcc/avr/5.4.0/avr5\libgcc.a(_muldi3_6.o)
 .data          0x00000000        0x0 c:/program files (x86)/atmel/studio/7.0/toolchain/avr8/avr8-gnu-toolchain/bin/../lib/gcc/avr/5.4.0/avr5\libgcc.a(_muldi3_6.o)
 .bss           0x00000000        0x0 c:/program files (x86)/atmel/studio/7.0/toolchain/avr8/avr8-gnu-toolchain/bin/../lib/gcc/avr/5.4.0/avr5\libgcc.a(_muldi3_6.o)
 .text.libgcc.div
                0x00000000        0x0 c:/program files (x86)/atmel/studio/7.0/toolchain/avr8/avr8-gnu-toolchain/bin/../lib/gcc/avr/5.4.0/avr5\libgcc.a(_muldi3_6.o)
 .text.libgcc   0x00000000        0x0 c:/program files (x86)/atmel/studio/7.0/toolchain/avr8/avr8-gnu-toolchain/bin/../lib/gcc/avr/5.4.0/avr5\libgcc.a(_muldi3_6.o)
 .text.libgcc.prologue
                0x00000000        0x0 c:/program files (x86)/atmel/studio/7.0/toolchain/avr8/avr8-gnu-toolchain/bin/../lib/gcc/avr/5.4.0/avr5\libgcc.a(_muldi3_6.o)
 .text.libgcc.builtins
                0x00000000        0x0 c:/program files (x86)/atmel/studio/7.0/toolchain/avr8/avr8-gnu-toolchain/bin/../lib/gcc/avr/5.4.0/avr5\libgcc.a(_muldi3_6.o)
 .text.libgcc.fmul
                0x00000000        0x0 c:/program files (x86)/atmel/studio/7.0/toolchain/avr8/avr8-gnu-toolchain/bin/../lib/gcc/avr/5.4.0/avr5\libgcc.a(_muldi3_6.o)
 .text.libgcc.fixed
                0x00000000        0x0 c:/program files (x86)/atmel/studio/7.0/toolchain/avr8/avr8-gnu-toolchain/bin/../lib/gcc/avr/5.4.0/avr5\libgcc.a(_muldi3_6.o)
 .text          0x00000000        0x0 c:/program files (x86)/atmel/studio/7.0/toolchain/avr8/avr8-gnu-toolchain/bin/../lib/gcc/avr/5.4.0/avr5\libgcc.a(_udivdi3.o)
 .data          0x00000000        0x0 c:/program files (x86)/atmel/studio/7.0/toolchain/avr8/avr8-gnu-toolchain/bin/../lib/gcc/avr/5.4.0/avr5\libgcc.a(_udivdi3.o)
 .bss           0x00000000        0x0 c:/program files (x86)/atmel/studio/7.0/toolchain/avr8/avr8-gnu-toolchain/bin/../lib/gcc/avr/5.4.0/avr5\libgcc.a(_udivdi3.o)
 .text.libgcc.mul
                0x00000000        0x0 c:/program files (x86)/atmel/studio/7.0/toolchain/avr8/avr8-gnu-toolchain/bin/../lib/gcc/avr/5.4.0/avr5\libgcc.a(_udivdi3.o)
 .text.libgcc   0x00000000        0x0 c:/program files (x86)/atmel/studio/7.0/toolchain/avr8/avr8-gnu-toolchain/bin/../lib/gcc/avr/5.4.0/avr5\libgcc.a(_udivdi3.o)
 .text.libgcc.prologue
                0x00000000        0x0 c:/program files (x86)/atmel/studio/7.0/toolchain/avr8/avr8-gnu-toolchain/bin/../lib/gcc/avr/5.4.0/avr5\libgcc.a(_udivdi3.o)
 .text.libgcc.builtins
                0x00000000        0x0 c:/program files (x86)/atmel/studio/7.0/toolchain/avr8/avr8-gnu-toolchain/bin/../lib/gcc/avr/5.4.0/avr5\libgcc.a(_udivdi3.o)
 .text.libgcc.fmul
                0x00000000        0x0 c:/program files (x86)/atmel/studio/7.0/toolchain/avr8/avr8-gnu-toolchain/bin/../lib/gcc/avr/5.4.0/avr5\libgcc.a(_udivdi3.o)
 .text.libgcc.fixed
                0x00000000        0x0 c:/program files (x86)/atmel/studio/7.0/toolchain/avr8/avr8-gnu-toolchain/bin/../lib/gcc/avr/5.4.0/avr5\libgcc.a(_udivdi3.o)
 .text          0x00000000        0x0 c:/program files (x86)/atmel/studio/7.0/toolchain/avr8/avr8-gnu-toolchain/bin/../lib/gcc/avr/5.4.0/avr5\libgcc.a(_udivmod64.o)
 .data          0x00000000        0x0 c:/program files (x86)/atmel/studio/7.0/toolchain/avr8/avr8-gnu-toolchain/bin/../lib/gcc/avr/5.4.0/avr5\libgcc.a(_udivmod64.o)
 .bss           0x00000000        0x0 c:/program files (x86)/atmel/studio/7.0/toolchain/avr8/avr8-gnu-toolchain/bin/../lib/gcc/avr/5.4.0/avr5\libgcc.a(_udivmod64.o)
 .text.libgcc.mul
                0x00000000        0x0 c:/program files (x86)/atmel/studio/7.0/toolchain/avr8/avr8-gnu-toolchain/bin/../lib/gcc/avr/5.4.0/avr5\libgcc.a(_udivmod64.o)
 .text.libgcc   0x00000000        0x0 c:/program files (x86)/atmel/studio/7.0/toolchain/avr8/avr8-gnu-toolchain/bin/../lib/gcc/avr/5.4.0/avr5\libgcc.a(_udivmod64.o)
 .text.libgcc.prologue
                0x00000000        0x0 c:/program files (x86)/atmel/studio/7.0/toolchain/avr8/avr8-gnu-toolchain/bin/../lib/gcc/avr/5.4.0/avr5\libgcc.a(_udivmod64.o)
 .text.libgcc.builtins
                0x00000000        0x0 c:/program files (x86)/atmel/studio/7.0/toolchain/avr8/avr8-gnu-toolchain/bin/../lib/gcc/avr/5.4.0/avr5\libgcc.a(_udivmod64.o)
 .text.libgcc.fmul
                0x00000000        0x0 c:/program files (x86)/atmel/studio/7.0/toolchain/avr8/avr8-gnu-toolchain/bin/../lib/gcc/avr/5.4.0/avr5\libgcc.a(_udivmod64.o)
 .text.libgcc.fixed
                0x00000000        0x0 c:/program files (x86)/atmel/studio/7.0/toolchain/avr8/avr8-gnu-toolchain/bin/../lib/gcc/avr/5.4.0/avr5\libgcc.a(_udivmod64.o)
 .text          0x00000000        0x0 c:/program files (x86)/atmel/studio/7.0/toolchain/avr8/avr8-gnu-toolchain/bin/../lib/gcc/avr/5.4.0/avr5\libgcc.a(_ashldi3.o)
 .data          0x00000000        0x0 c:/program files (x86)/atmel/studio/7.0/toolchain/avr8/avr8-gnu-toolchain/bin/../lib/gcc/avr/5.4.0/avr5\libgcc.a(_ashldi3.o)
 .bss           0x00000000        0x0 c:/program files (x86)/atmel/studio/7.0/toolchain/avr8/avr8-gnu-toolchain/bin/../lib/gcc/avr/5.4.0/avr5\libgcc.a(_ashldi3.o)
 .text.libgcc.mul
                0x00000000        0x0 c:/program files (x86)/atmel/studio/7.0/toolchain/avr8/avr8-gnu-toolchain/bin/../lib/gcc/avr/5.4.0/avr5\libgcc.a(_ashldi3.o)
 .text.libgcc.div
                0x00000000        0x0 c:/program files (x86)/atmel/studio/7.0/toolchain/avr8/avr8-gnu-toolchain/bin/../lib/gcc/avr/5.4.0/avr5\libgcc.a(_ashldi3.o)
 .text.libgcc   0x00000000        0x0 c:/program files (x86)/atmel/studio/7.0/toolchain/avr8/avr8-gnu-toolchain/bin/../lib/gcc/avr/5.4.0/avr5\libgcc.a(_ashldi3.o)
 .text.libgcc.prologue
                0x00000000        0x0 c:/program files (x86)/atmel/studio/7.0/toolchain/avr8/avr8-gnu-toolchain/bin/../lib/gcc/avr/5.4.0/avr5\libgcc.a(_ashldi3.o)
 .text.libgcc.fmul
                0x00000000        0x0 c:/program files (x86)/atmel/studio/7.0/toolchain/avr8/avr8-gnu-toolchain/bin/../lib/gcc/avr/5.4.0/avr5\libgcc.a(_ashldi3.o)
 .text.libgcc.fixed
                0x00000000        0x0 c:/program files (x86)/atmel/studio/7.0/toolchain/avr8/avr8-gnu-toolchain/bin/../lib/gcc/avr/5.4.0/avr5\libgcc.a(_ashldi3.o)
 .text          0x00000000        0x0 c:/program files (x86)/atmel/studio/7.0/toolchain/avr8/avr8-gnu-toolchain/bin/../lib/gcc/avr/5.4.0/avr5\libgcc.a(_adddi3.o)
 .data          0x00000000        0x0 c:/program files (x86)/atmel/studio/7.0/toolchain/avr8/avr8-gnu-toolchain/bin/../lib/gcc/avr/5.4.0/avr5\libgcc.a(_adddi3.o)
 .bss           0x00000000        0x0 c:/program files (x86)/atmel/studio/7.0/toolchain/avr8/avr8-gnu-toolchain/bin/../lib/gcc/avr/5.4.0/avr5\libgcc.a(_adddi3.o)
 .text.libgcc.mul
                0x00000000        0x0 c:/program files (x86)/atmel/studio/7.0/toolchain/avr8/avr8-gnu-toolchain/bin/../lib/gcc/avr/5.4.0/avr5\libgcc.a(_adddi3.o)
 .text.libgcc.div
                0x00000000        0x0 c:/program files (x86)/atmel/studio/7.0/toolchain/avr8/avr8-gnu-toolchain/bin/../lib/gcc/avr/5.4.0/avr5\libgcc.a(_adddi3.o)
 .text.libgcc.prologue
                0x00000000        0x0 c:/program files (x86)/atmel/studio/7.0/toolchain/avr8/avr8-gnu-toolchain/bin/../lib/gcc/avr/5.4.0/avr5\libgcc.a(_adddi3.o)
 .text.libgcc.builtins
                0x00000000        0x0 c:/program files (x86)/atmel/studio/7.0/toolchain/avr8/avr8-gnu-toolchain/bin/../lib/gcc/avr/5.4.0/avr5\libgcc.a(_adddi3.o)
 .text.libgcc.fmul
                0x00000000        0x0 c:/program files (x86)/atmel/studio/7.0/toolchain/avr8/avr8-gnu-toolchain/bin/../lib/gcc/avr/5.4.0/avr5\libgcc.a(_adddi3.o)
 .text.libgcc.fixed
                0x00000000        0x0 c:/program files (x86)/atmel/studio/7.0/toolchain/avr8/avr8-gnu-toolchain/bin/../lib/gcc/avr/5.4.0/avr5\libgcc.a(_adddi3.o)
 .text          0x00000000        0x0 c:/program files (x86)/atmel/studio/7.0/toolchain/avr8/avr8-gnu-toolchain/bin/../lib/gcc/avr/5.4.0/avr5\libgcc.a(_adddi3_s8.o)
 .data          0x00000000        0x0 c:/program files (x86)/atmel/studio/7.0/toolchain/avr8/avr8-gnu-toolchain/bin/../lib/gcc/avr/5.4.0/avr5\libgcc.a(_adddi3_s8.o)
 .bss           0x00000000        0x0 c:/program files (x86)/atmel/studio/7.0/toolchain/avr8/avr8-gnu-toolchain/bin/../lib/gcc/avr/5.4.0/avr5\libgcc.a(_adddi3_s8.o)
 .text.libgcc.mul
                0x00000000        0x0 c:/program files (x86)/atmel/studio/7.0/toolchain/avr8/avr8-gnu-toolchain/bin/../lib/gcc/avr/5.4.0/avr5\libgcc.a(_adddi3_s8.o)
 .text.libgcc.div
                0x00000000        0x0 c:/program files (x86)/atmel/studio/7.0/toolchain/avr8/avr8-gnu-toolchain/bin/../lib/gcc/avr/5.4.0/avr5\libgcc.a(_adddi3_s8.o)
 .text.libgcc.prologue
                0x00000000        0x0 c:/program files (x86)/atmel/studio/7.0/toolchain/avr8/avr8-gnu-toolchain/bin/../lib/gcc/avr/5.4.0/avr5\libgcc.a(_adddi3_s8.o)
 .text.libgcc.builtins
                0x00000000        0x0 c:/program files (x86)/atmel/studio/7.0/toolchain/avr8/avr8-gnu-toolchain/bin/../lib/gcc/avr/5.4.0/avr5\libgcc.a(_adddi3_s8.o)
 .text.libgcc.fmul
                0x00000000        0x0 c:/program files (x86)/atmel/studio/7.0/toolchain/avr8/avr8-gnu-toolchain/bin/../lib/gcc/avr/5.4.0/avr5\libgcc.a(_adddi3_s8.o)
 .text.libgcc.fixed
                0x00000000        0x0 c:/program files (x86)/atmel/studio/7.0/toolchain/avr8/avr8-gnu-toolchain/bin/../lib/gcc/avr/5.4.0/avr5\libgcc.a(_adddi3_s8.o)
 .text          0x00000000        0x0 c:/program files (x86)/atmel/studio/7.0/toolchain/avr8/avr8-gnu-toolchain/bin/../lib/gcc/avr/5.4.0/avr5\libgcc.a(_subdi3.o)
 .data          0x00000000        0x0 c:/program files (x86)/atmel/studio/7.0/toolchain/avr8/avr8-gnu-toolchain/bin/../lib/gcc/avr/5.4.0/avr5\libgcc.a(_subdi3.o)
 .bss           0x00000000        0x0 c:/program files (x86)/atmel/studio/7.0/toolchain/avr8/avr8-gnu-toolchain/bin/../lib/gcc/avr/5.4.0/avr5\libgcc.a(_subdi3.o)
 .text.libgcc.mul
                0x00000000        0x0 c:/program files (x86)/atmel/studio/7.0/toolchain/avr8/avr8-gnu-toolchain/bin/../lib/gcc/avr/5.4.0/avr5\libgcc.a(_subdi3.o)
 .text.libgcc.div
                0x00000000        0x0 c:/program files (x86)/atmel/studio/7.0/toolchain/avr8/avr8-gnu-toolchain/bin/../lib/gcc/avr/5.4.0/avr5\libgcc.a(_subdi3.o)
 .text.libgcc.prologue
                0x00000000        0x0 c:/program files (x86)/atmel/studio/7.0/toolchain/avr8/avr8-gnu-toolchain/bin/../lib/gcc/avr/5.4.0/avr5\libgcc.a(_subdi3.o)
 .text.libgcc.builtins
                0x00000000        0x0 c:/program files (x86)/atmel/studio/7.0/toolchain/avr8/avr8-gnu-toolchain/bin/../lib/gcc/avr/5.4.0/avr5\libgcc.a(_subdi3.o)
 .text.libgcc.fmul
                0x00000000        0x0 c:/program files (x86)/atmel/studio/7.0/toolchain/avr8/avr8-gnu-toolchain/bin/../lib/gcc/avr/5.4.0/avr5\libgcc.a(_subdi3.o)
 .text.libgcc.fixed
                0x00000000        0x0 c:/program files (x86)/atmel/studio/7.0/toolchain/avr8/avr8-gnu-toolchain/bin/../lib/gcc/avr/5.4.0/avr5\libgcc.a(_subdi3.o)
 .text          0x00000000        0x0 c:/program files (x86)/atmel/studio/7.0/toolchain/avr8/avr8-gnu-toolchain/bin/../lib/gcc/avr/5.4.0/avr5\libgcc.a(_cmpdi2.o)
 .data          0x00000000        0x0 c:/program files (x86)/atmel/studio/7.0/toolchain/avr8/avr8-gnu-toolchain/bin/../lib/gcc/avr/5.4.0/avr5\libgcc.a(_cmpdi2.o)
 .bss           0x00000000        0x0 c:/program files (x86)/atmel/studio/7.0/toolchain/avr8/avr8-gnu-toolchain/bin/../lib/gcc/avr/5.4.0/avr5\libgcc.a(_cmpdi2.o)
 .text.libgcc.mul
                0x00000000        0x0 c:/program files (x86)/atmel/studio/7.0/toolchain/avr8/avr8-gnu-toolchain/bin/../lib/gcc/avr/5.4.0/avr5\libgcc.a(_cmpdi2.o)
 .text.libgcc.div
                0x00000000        0x0 c:/program files (x86)/atmel/studio/7.0/toolchain/avr8/avr8-gnu-toolchain/bin/../lib/gcc/avr/5.4.0/avr5\libgcc.a(_cmpdi2.o)
 .text.libgcc.prologue
                0x00000000        0x0 c:/program files (x86)/atmel/studio/7.0/toolchain/avr8/avr8-gnu-toolchain/bin/../lib/gcc/avr/5.4.0/avr5\libgcc.a(_cmpdi2.o)
 .text.libgcc.builtins
                0x00000000        0x0 c:/program files (x86)/atmel/studio/7.0/toolchain/avr8/avr8-gnu-toolchain/bin/../lib/gcc/avr/5.4.0/avr5\libgcc.a(_cmpdi2.o)
 .text.libgcc.fmul
                0x00000000        0x0 c:/program files (x86)/atmel/studio/7.0/toolchain/avr8/avr8-gnu-toolchain/bin/../lib/gcc/avr/5.4.0/avr5\libgcc.a(_cmpdi2.o)
 .text.libgcc.fixed
                0x00000000        0x0 c:/program files (x86)/atmel/studio/7.0/toolchain/avr8/avr8-gnu-toolchain/bin/../lib/gcc/avr/5.4.0/avr5\libgcc.a(_cmpdi2.o)
 .text          0x00000000        0x0 c:/program files (x86)/atmel/studio/7.0/toolchain/avr8/avr8-gnu-toolchain/bin/../lib/gcc/avr/5.4.0/avr5\libgcc.a(_cmpdi2_s8.o)
 .data          0x00000000        0x0 c:/program files (x86)/atmel/studio/7.0/toolchain/avr8/avr8-gnu-toolchain/bin/../lib/gcc/avr/5.4.0/avr5\libgcc.a(_cmpdi2_s8.o)
 .bss           0x00000000        0x0 c:/program files (x86)/atmel/studio/7.0/toolchain/avr8/avr8-gnu-toolchain/bin/../lib/gcc/avr/5.4.0/avr5\libgcc.a(_cmpdi2_s8.o)
 .text.libgcc.mul
                0x00000000        0x0 c:/program files (x86)/atmel/studio/7.0/toolchain/avr8/avr8-gnu-toolchain/bin/../lib/gcc/avr/5.4.0/avr5\libgcc.a(_cmpdi2_s8.o)
 .text.libgcc.div
                0x00000000        0x0 c:/program files (x86)/atmel/studio/7.0/toolchain/avr8/avr8-gnu-toolchain/bin/../lib/gcc/avr/5.4.0/avr5\libgcc.a(_cmpdi2_s8.o)
 .text.libgcc.prologue
                0x00000000        0x0 c:/program files (x86)/atmel/studio/7.0/toolchain/avr8/avr8-gnu-toolchain/bin/../lib/gcc/avr/5.4.0/avr5\libgcc.a(_cmpdi2_s8.o)
 .text.libgcc.builtins
                0x00000000        0x0 c:/program files (x86)/atmel/studio/7.0/toolchain/avr8/avr8-gnu-toolchain/bin/../lib/gcc/avr/5.4.0/avr5\libgcc.a(_cmpdi2_s8.o)
 .text.libgcc.fmul
                0x00000000        0x0 c:/program files (x86)/atmel/studio/7.0/toolchain/avr8/avr8-gnu-toolchain/bin/../lib/gcc/avr/5.4.0/avr5\libgcc.a(_cmpdi2_s8.o)
 .text.libgcc.fixed
                0x00000000        0x0 c:/program files (x86)/atmel/studio/7.0/toolchain/avr8/avr8-gnu-toolchain/bin/../lib/gcc/avr/5.4.0/avr5\libgcc.a(_cmpdi2_s8.o)
 .text          0x00000000        0x0 c:/program files (x86)/atmel/studio/7.0/toolchain/avr8/avr8-gnu-toolchain/bin/../lib/gcc/avr/5.4.0/../../../../avr/lib/avr5\libc.a(itoa_ncheck.o)
 .data          0x00000000        0x0 c:/program files (x86)/atmel/studio/7.0/toolchain/avr8/avr8-gnu-toolchain/bin/../lib/gcc/avr/5.4.0/../../../../avr/lib/avr5\libc.a(itoa_ncheck.o)
 .bss           0x00000000        0x0 c:/program files (x86)/atmel/studio/7.0/toolchain/avr8/avr8-gnu-toolchain/bin/../lib/gcc/avr/5.4.0/../../../../avr/lib/avr5\libc.a(itoa_ncheck.o)
 .text          0x00000000        0x0 c:/program files (x86)/atmel/studio/7.0/toolchain/avr8/avr8-gnu-toolchain/bin/../lib/gcc/avr/5.4.0/../../../../avr/lib/avr5\libc.a(utoa_ncheck.o)
 .data          0x00000000        0x0 c:/program files (x86)/atmel/studio/7.0/toolchain/avr8/avr8-gnu-toolchain/bin/../lib/gcc/avr/5.4.0/../../../../avr/lib/avr5\libc.a(utoa_ncheck.o)
 .bss           0x00000000        0x0 c:/program files (x86)/atmel/studio/7.0/toolchain/avr8/avr8-gnu-toolchain/bin/../lib/gcc/avr/5.4.0/../../../../avr/lib/avr5\libc.a(utoa_ncheck.o)
 .text          0x00000000        0x0 c:/program files (x86)/atmel/studio/7.0/toolchain/avr8/avr8-gnu-toolchain/bin/../lib/gcc/avr/5.4.0/../../../../avr/lib/avr5\libc.a(strrev.o)
 .data          0x00000000        0x0 c:/program files (x86)/atmel/studio/7.0/toolchain/avr8/avr8-gnu-toolchain/bin/../lib/gcc/avr/5.4.0/../../../../avr/lib/avr5\libc.a(strrev.o)
 .bss           0x00000000        0x0 c:/program files (x86)/atmel/studio/7.0/toolchain/avr8/avr8-gnu-toolchain/bin/../lib/gcc/avr/5.4.0/../../../../avr/lib/avr5\libc.a(strrev.o)

Memory Configuration

Name             Origin             Length             Attributes
text             0x00000000         0x00008000         xr
data             0x00800060         0x00000800         rw !x
eeprom           0x00810000         0x00000400         rw !x
fuse             0x00820000         0x00000002         rw !x
lock             0x00830000         0x00000400         rw !x
signature        0x00840000         0x00000400         rw !x
user_signatures  0x00850000         0x00000400         rw !x
*default*        0x00000000         0xffffffff

Linker script and memory map

LOAD C:/Program Files (x86)/Atmel/Studio/7.0/Packs/atmel/ATmega_DFP/1.6.364/gcc/dev/atmega32/avr5/crtatmega32.o
LOAD APP/CarControl/CarControl.o
LOAD APP/DisplayDistance/DisplayDistance.o
LOAD APP/GetDistance/GetDistance.o
LOAD APP/HBridgeControl/HBridgeControl.o
LOAD ECUAL/HBridge/HBridge.o
LOAD ECUAL/LCD/LCD.o
LOAD ECUAL/SW_ICU/SW_ICU.o
LOAD ECUAL/Ultrasonic/Ultrasonic.o
LOAD main.o
LOAD MCAL/DIO/DIO.o
LOAD MCAL/EX_INT/EXT_INT.o
LOAD MCAL/PWM/PWM.o
LOAD MCAL/Timer/Timer.o
LOAD Services/TDelay/TDelay.o
START GROUP
LOAD c:/program files (x86)/atmel/studio/7.0/toolchain/avr8/avr8-gnu-toolchain/bin/../lib/gcc/avr/5.4.0/../../../../avr/lib/avr5\libm.a
END GROUP
START GROUP
LOAD c:/program files (x86)/atmel/studio/7.0/toolchain/avr8/avr8-gnu-toolchain/bin/../lib/gcc/avr/5.4.0/avr5\libgcc.a
LOAD c:/program files (x86)/atmel/studio/7.0/toolchain/avr8/avr8-gnu-toolchain/bin/../lib/gcc/avr/5.4.0/../../../../avr/lib/avr5\libm.a
LOAD c:/program files (x86)/atmel/studio/7.0/toolchain/avr8/avr8-gnu-toolchain/bin/../lib/gcc/avr/5.4.0/../../../../avr/lib/avr5\libc.a
LOAD C:/Program Files (x86)/Atmel/Studio/7.0/Packs/atmel/ATmega_DFP/1.6.364/gcc/dev/atmega32/avr5\libatmega32.a
END GROUP
                0x00000000                __TEXT_REGION_ORIGIN__ = DEFINED (__TEXT_REGION_ORIGIN__)?__TEXT_REGION_ORIGIN__:0x0
                [0x00800060]                __DATA_REGION_ORIGIN__ = DEFINED (__DATA_REGION_ORIGIN__)?__DATA_REGION_ORIGIN__:0x800060
                [0x00008000]                __TEXT_REGION_LENGTH__ = DEFINED (__TEXT_REGION_LENGTH__)?__TEXT_REGION_LENGTH__:0x20000
                [0x00000800]                __DATA_REGION_LENGTH__ = DEFINED (__DATA_REGION_LENGTH__)?__DATA_REGION_LENGTH__:0xffa0
                [0x00000400]                __EEPROM_REGION_LENGTH__ = DEFINED (__EEPROM_REGION_LENGTH__)?__EEPROM_REGION_LENGTH__:0x10000
                [0x00000002]                __FUSE_REGION_LENGTH__ = DEFINED (__FUSE_REGION_LENGTH__)?__FUSE_REGION_LENGTH__:0x400
                0x00000400                __LOCK_REGION_LENGTH__ = DEFINED (__LOCK_REGION_LENGTH__)?__LOCK_REGION_LENGTH__:0x400
                0x00000400                __SIGNATURE_REGION_LENGTH__ = DEFINED (__SIGNATURE_REGION_LENGTH__)?__SIGNATURE_REGION_LENGTH__:0x400
                0x00000400                __USER_SIGNATURE_REGION_LENGTH__ = DEFINED (__USER_SIGNATURE_REGION_LENGTH__)?__USER_SIGNATURE_REGION_LENGTH__:0x400

.hash
 *(.hash)

.dynsym
 *(.dynsym)

.dynstr
 *(.dynstr)

.gnu.version
 *(.gnu.version)

.gnu.version_d
 *(.gnu.version_d)

.gnu.version_r
 *(.gnu.version_r)

.rel.init
 *(.rel.init)

.rela.init
 *(.rela.init)

.rel.text
 *(.rel.text)
 *(.rel.text.*)
 *(.rel.gnu.linkonce.t*)

.rela.text
 *(.rela.text)
 *(.rela.text.*)
 *(.rela.gnu.linkonce.t*)

.rel.fini
 *(.rel.fini)

.rela.fini
 *(.rela.fini)

.rel.rodata
 *(.rel.rodata)
 *(.rel.rodata.*)
 *(.rel.gnu.linkonce.r*)

.rela.rodata
 *(.rela.rodata)
 *(.rela.rodata.*)
 *(.rela.gnu.linkonce.r*)

.rel.data
 *(.rel.data)
 *(.rel.data.*)
 *(.rel.gnu.linkonce.d*)

.rela.data
 *(.rela.data)
 *(.rela.data.*)
 *(.rela.gnu.linkonce.d*)

.rel.ctors
 *(.rel.ctors)

.rela.ctors
 *(.rela.ctors)

.rel.dtors
 *(.rel.dtors)

.rela.dtors
 *(.rela.dtors)

.rel.got
 *(.rel.got)

.rela.got
 *(.rela.got)

.rel.bss
 *(.rel.bss)

.rela.bss
 *(.rela.bss)

.rel.plt
 *(.rel.plt)

.rela.plt
 *(.rela.plt)

.text           0x00000000     0x2190
 *(.vectors)
 .vectors       0x00000000       0x54 C:/Program Files (x86)/Atmel/Studio/7.0/Packs/atmel/ATmega_DFP/1.6.364/gcc/dev/atmega32/avr5/crtatmega32.o
                0x00000000                __vector_default
                0x00000000                __vectors
 *(.vectors)
 *(.progmem.gcc*)
 .progmem.gcc_sw_table.LCD_Init
                0x00000054        0xe ECUAL/LCD/LCD.o
                0x00000062                . = ALIGN (0x2)
                0x00000062                __trampolines_start = .
 *(.trampolines)
 .trampolines   0x00000062        0x0 linker stubs
 *(.trampolines*)
                0x00000062                __trampolines_end = .
 *libprintf_flt.a:*(.progmem.data)
 *libc.a:*(.progmem.data)
 *(.progmem*)
                0x00000062                . = ALIGN (0x2)
 *(.jumptables)
 *(.jumptables*)
 *(.lowtext)
 *(.lowtext*)
                0x00000062                __ctors_start = .
 *(.ctors)
                0x00000062                __ctors_end = .
                0x00000062                __dtors_start = .
 *(.dtors)
                0x00000062                __dtors_end = .
 SORT(*)(.ctors)
 SORT(*)(.dtors)
 *(.init0)
 .init0         0x00000062        0x0 C:/Program Files (x86)/Atmel/Studio/7.0/Packs/atmel/ATmega_DFP/1.6.364/gcc/dev/atmega32/avr5/crtatmega32.o
                0x00000062                __init
 *(.init0)
 *(.init1)
 *(.init1)
 *(.init2)
 .init2         0x00000062        0xc C:/Program Files (x86)/Atmel/Studio/7.0/Packs/atmel/ATmega_DFP/1.6.364/gcc/dev/atmega32/avr5/crtatmega32.o
 *(.init2)
 *(.init3)
 *(.init3)
 *(.init4)
 .init4         0x0000006e       0x16 c:/program files (x86)/atmel/studio/7.0/toolchain/avr8/avr8-gnu-toolchain/bin/../lib/gcc/avr/5.4.0/avr5\libgcc.a(_copy_data.o)
                0x0000006e                __do_copy_data
 .init4         0x00000084       0x10 c:/program files (x86)/atmel/studio/7.0/toolchain/avr8/avr8-gnu-toolchain/bin/../lib/gcc/avr/5.4.0/avr5\libgcc.a(_clear_bss.o)
                0x00000084                __do_clear_bss
 *(.init4)
 *(.init5)
 *(.init5)
 *(.init6)
 *(.init6)
 *(.init7)
 *(.init7)
 *(.init8)
 *(.init8)
 *(.init9)
 .init9         0x00000094        0x8 C:/Program Files (x86)/Atmel/Studio/7.0/Packs/atmel/ATmega_DFP/1.6.364/gcc/dev/atmega32/avr5/crtatmega32.o
 *(.init9)
 *(.text)
 .text          0x0000009c        0x4 C:/Program Files (x86)/Atmel/Studio/7.0/Packs/atmel/ATmega_DFP/1.6.364/gcc/dev/atmega32/avr5/crtatmega32.o
                0x0000009c                __vector_12
                0x0000009c                __bad_interrupt
                0x0000009c                __vector_6
                0x0000009c                __vector_13
                0x0000009c                __vector_17
                0x0000009c                __vector_19
                0x0000009c                __vector_7
                0x0000009c                __vector_4
                0x0000009c                __vector_15
                0x0000009c                __vector_8
                0x0000009c                __vector_14
                0x0000009c                __vector_10
                0x0000009c                __vector_16
                0x0000009c                __vector_18
                0x0000009c                __vector_20
                0x000000a0                . = ALIGN (0x2)
 *(.text.*)
 .text.CarControl_Init
                0x000000a0       0x14 APP/CarControl/CarControl.o
                0x000000a0                CarControl_Init
 .text.CarControl_Update
                0x000000b4       0x24 APP/CarControl/CarControl.o
                0x000000b4                CarControl_Update
 .text.DisplayDistance_Init
                0x000000d8       0x4e APP/DisplayDistance/DisplayDistance.o
                0x000000d8                DisplayDistance_Init
 .text.DisplayDistance_Update
                0x00000126       0x64 APP/DisplayDistance/DisplayDistance.o
                0x00000126                DisplayDistance_Update
 .text.GetDistance_Init
                0x0000018a        0xa APP/GetDistance/GetDistance.o
                0x0000018a                GetDistance_Init
 .text.GetDistance_Update
                0x00000194       0x1e APP/GetDistance/GetDistance.o
                0x00000194                GetDistance_Update
 .text.HBridgeControl_Init
                0x000001b2       0x1e APP/HBridgeControl/HBridgeControl.o
                0x000001b2                HBridgeControl_Init
 .text.HBridgeControl_Update
                0x000001d0       0x3a APP/HBridgeControl/HBridgeControl.o
                0x000001d0                HBridgeControl_Update
 .text.HBridge_Init
                0x0000020a       0x78 ECUAL/HBridge/HBridge.o
                0x0000020a                HBridge_Init
 .text.HBridge_SetSpeed
                0x00000282       0x1c ECUAL/HBridge/HBridge.o
                0x00000282                HBridge_SetSpeed
 .text.HBridge_SetDirection
                0x0000029e       0xb4 ECUAL/HBridge/HBridge.o
                0x0000029e                HBridge_SetDirection
 .text.HBridge_Start
                0x00000352       0x18 ECUAL/HBridge/HBridge.o
                0x00000352                HBridge_Start
 .text.LCD_sendCommand
                0x0000036a      0x126 ECUAL/LCD/LCD.o
 .text.LCD_Callback
                0x00000490       0x54 ECUAL/LCD/LCD.o
 .text.LCD_Init
                0x000004e4      0x1b4 ECUAL/LCD/LCD.o
                0x000004e4                LCD_Init
 .text.LCD_displayCharacter
                0x00000698      0x126 ECUAL/LCD/LCD.o
                0x00000698                LCD_displayCharacter
 .text.LCD_displayString
                0x000007be       0x36 ECUAL/LCD/LCD.o
                0x000007be                LCD_displayString
 .text.LCD_goToRowColumn
                0x000007f4       0x58 ECUAL/LCD/LCD.o
                0x000007f4                LCD_goToRowColumn
 .text.LCD_intgerToString
                0x0000084c       0x3a ECUAL/LCD/LCD.o
                0x0000084c                LCD_intgerToString
 .text.SW_ICU_Init
                0x00000886       0x2e ECUAL/SW_ICU/SW_ICU.o
                0x00000886                SW_ICU_Init
 .text.SW_ICU_SetEdge
                0x000008b4        0xa ECUAL/SW_ICU/SW_ICU.o
                0x000008b4                SW_ICU_SetEdge
 .text.SW_ICU_Reset_Reading
                0x000008be        0x8 ECUAL/SW_ICU/SW_ICU.o
                0x000008be                SW_ICU_Reset_Reading
 .text.SW_ICU_GetReading
                0x000008c6       0x70 ECUAL/SW_ICU/SW_ICU.o
                0x000008c6                SW_ICU_GetReading
 .text.SW_ICU_SetCallback
                0x00000936       0x12 ECUAL/SW_ICU/SW_ICU.o
                0x00000936                SW_ICU_SetCallback
 .text.Get_Readings
                0x00000948       0x3e ECUAL/Ultrasonic/Ultrasonic.o
 .text.Ultrasonic_Init
                0x00000986       0x24 ECUAL/Ultrasonic/Ultrasonic.o
                0x00000986                Ultrasonic_Init
 .text.Ultrasonic_Trigger
                0x000009aa       0x2a ECUAL/Ultrasonic/Ultrasonic.o
                0x000009aa                Ultrasonic_Trigger
 .text.Ultrasonic_GetDistance
                0x000009d4       0x5e ECUAL/Ultrasonic/Ultrasonic.o
                0x000009d4                Ultrasonic_GetDistance
 .text.main     0x00000a32        0xa main.o
                0x00000a32                main
 .text.DIO_PinInit
                0x00000a3c       0x7c MCAL/DIO/DIO.o
                0x00000a3c                DIO_PinInit
 .text.DIO_PinWrite
                0x00000ab8       0x50 MCAL/DIO/DIO.o
                0x00000ab8                DIO_PinWrite
 .text.EXTINT_Init
                0x00000b08       0x2c MCAL/EX_INT/EXT_INT.o
                0x00000b08                EXTINT_Init
 .text.EXTINT_SetSenseMode
                0x00000b34       0xb6 MCAL/EX_INT/EXT_INT.o
                0x00000b34                EXTINT_SetSenseMode
 .text.EXTINT_SetCallBack
                0x00000bea       0x2c MCAL/EX_INT/EXT_INT.o
                0x00000bea                EXTINT_SetCallBack
 .text.__vector_1
                0x00000c16       0x4e MCAL/EX_INT/EXT_INT.o
                0x00000c16                __vector_1
 .text.__vector_2
                0x00000c64       0x4e MCAL/EX_INT/EXT_INT.o
                0x00000c64                __vector_2
 .text.__vector_3
                0x00000cb2       0x4e MCAL/EX_INT/EXT_INT.o
                0x00000cb2                __vector_3
 .text.PWM_Init
                0x00000d00       0xde MCAL/PWM/PWM.o
                0x00000d00                PWM_Init
 .text.PWM_Start
                0x00000dde       0x40 MCAL/PWM/PWM.o
                0x00000dde                PWM_Start
 .text.T0_Init  0x00000e1e       0xd0 MCAL/Timer/Timer.o
                0x00000e1e                T0_Init
 .text.T0_OV_InterruptEnable
                0x00000eee        0xa MCAL/Timer/Timer.o
                0x00000eee                T0_OV_InterruptEnable
 .text.T0_OV_InterruptDisable
                0x00000ef8        0xa MCAL/Timer/Timer.o
                0x00000ef8                T0_OV_InterruptDisable
 .text.T0_OC_InterruptDisable
                0x00000f02        0xa MCAL/Timer/Timer.o
                0x00000f02                T0_OC_InterruptDisable
 .text.T0_Start
                0x00000f0c      0x238 MCAL/Timer/Timer.o
                0x00000f0c                T0_Start
 .text.T0_Stop  0x00001144       0x5e MCAL/Timer/Timer.o
                0x00001144                T0_Stop
 .text.T0_GetStatus
                0x000011a2      0x19a MCAL/Timer/Timer.o
                0x000011a2                T0_GetStatus
 .text.__vector_11
                0x0000133c      0x1d6 MCAL/Timer/Timer.o
                0x0000133c                __vector_11
 .text.Timer1_Init
                0x00001512       0x48 MCAL/Timer/Timer.o
                0x00001512                Timer1_Init
 .text.Timer1_OVF_InterruptEnable
                0x0000155a        0xa MCAL/Timer/Timer.o
                0x0000155a                Timer1_OVF_InterruptEnable
 .text.Timer1_GetOVFCount
                0x00001564       0x26 MCAL/Timer/Timer.o
                0x00001564                Timer1_GetOVFCount
 .text.Timer1_ResetOVFCount
                0x0000158a       0x14 MCAL/Timer/Timer.o
                0x0000158a                Timer1_ResetOVFCount
 .text.__vector_9
                0x0000159e       0x78 MCAL/Timer/Timer.o
                0x0000159e                __vector_9
 .text.T2_Init  0x00001616       0xd2 MCAL/Timer/Timer.o
                0x00001616                T2_Init
 .text.T2_OV_InterruptEnable
                0x000016e8        0xa MCAL/Timer/Timer.o
                0x000016e8                T2_OV_InterruptEnable
 .text.T2_OV_InterruptDisable
                0x000016f2        0xa MCAL/Timer/Timer.o
                0x000016f2                T2_OV_InterruptDisable
 .text.T2_OC_InterruptDisable
                0x000016fc        0xa MCAL/Timer/Timer.o
                0x000016fc                T2_OC_InterruptDisable
 .text.T2_Start
                0x00001706      0x238 MCAL/Timer/Timer.o
                0x00001706                T2_Start
 .text.T2_Stop  0x0000193e       0x5e MCAL/Timer/Timer.o
                0x0000193e                T2_Stop
 .text.T2_GetStatus
                0x0000199c      0x19a MCAL/Timer/Timer.o
                0x0000199c                T2_GetStatus
 .text.__vector_5
                0x00001b36      0x1d6 MCAL/Timer/Timer.o
                0x00001b36                __vector_5
 .text.TDelay_ms
                0x00001d0c       0xfe Services/TDelay/TDelay.o
                0x00001d0c                TDelay_ms
 .text.TDelay_us
                0x00001e0a       0x8c Services/TDelay/TDelay.o
                0x00001e0a                TDelay_us
 .text.libgcc.div
                0x00001e96       0x44 c:/program files (x86)/atmel/studio/7.0/toolchain/avr8/avr8-gnu-toolchain/bin/../lib/gcc/avr/5.4.0/avr5\libgcc.a(_udivmodsi4.o)
                0x00001e96                __udivmodsi4
 .text.libgcc   0x00001eda        0xc c:/program files (x86)/atmel/studio/7.0/toolchain/avr8/avr8-gnu-toolchain/bin/../lib/gcc/avr/5.4.0/avr5\libgcc.a(_tablejump2.o)
                0x00001eda                __tablejump2__
 .text.libgcc.mul
                0x00001ee6       0x1e c:/program files (x86)/atmel/studio/7.0/toolchain/avr8/avr8-gnu-toolchain/bin/../lib/gcc/avr/5.4.0/avr5\libgcc.a(_umulhisi3.o)
                0x00001ee6                __umulhisi3
 .text.libgcc.mul
                0x00001f04       0x16 c:/program files (x86)/atmel/studio/7.0/toolchain/avr8/avr8-gnu-toolchain/bin/../lib/gcc/avr/5.4.0/avr5\libgcc.a(_muluhisi3.o)
                0x00001f04                __muluhisi3
 .text.libgcc.mul
                0x00001f1a       0xa0 c:/program files (x86)/atmel/studio/7.0/toolchain/avr8/avr8-gnu-toolchain/bin/../lib/gcc/avr/5.4.0/avr5\libgcc.a(_muldi3.o)
                0x00001f1a                __muldi3
 .text.libgcc.mul
                0x00001fba       0x12 c:/program files (x86)/atmel/studio/7.0/toolchain/avr8/avr8-gnu-toolchain/bin/../lib/gcc/avr/5.4.0/avr5\libgcc.a(_muldi3_6.o)
                0x00001fba                __muldi3_6
 .text.libgcc.div
                0x00001fcc       0x1c c:/program files (x86)/atmel/studio/7.0/toolchain/avr8/avr8-gnu-toolchain/bin/../lib/gcc/avr/5.4.0/avr5\libgcc.a(_udivdi3.o)
                0x00001fcc                __umoddi3
                0x00001fd0                __udivdi3
                0x00001fd2                __udivdi3_umoddi3
 .text.libgcc.div
                0x00001fe8       0xa2 c:/program files (x86)/atmel/studio/7.0/toolchain/avr8/avr8-gnu-toolchain/bin/../lib/gcc/avr/5.4.0/avr5\libgcc.a(_udivmod64.o)
                0x00001fe8                __udivmod64
 .text.libgcc.builtins
                0x0000208a       0x32 c:/program files (x86)/atmel/studio/7.0/toolchain/avr8/avr8-gnu-toolchain/bin/../lib/gcc/avr/5.4.0/avr5\libgcc.a(_ashldi3.o)
                0x0000208a                __ashldi3
 .text.libgcc   0x000020bc       0x12 c:/program files (x86)/atmel/studio/7.0/toolchain/avr8/avr8-gnu-toolchain/bin/../lib/gcc/avr/5.4.0/avr5\libgcc.a(_adddi3.o)
                0x000020bc                __adddi3
 .text.libgcc   0x000020ce       0x18 c:/program files (x86)/atmel/studio/7.0/toolchain/avr8/avr8-gnu-toolchain/bin/../lib/gcc/avr/5.4.0/avr5\libgcc.a(_adddi3_s8.o)
                0x000020ce                __adddi3_s8
 .text.libgcc   0x000020e6       0x12 c:/program files (x86)/atmel/studio/7.0/toolchain/avr8/avr8-gnu-toolchain/bin/../lib/gcc/avr/5.4.0/avr5\libgcc.a(_subdi3.o)
                0x000020e6                __subdi3
 .text.libgcc   0x000020f8       0x12 c:/program files (x86)/atmel/studio/7.0/toolchain/avr8/avr8-gnu-toolchain/bin/../lib/gcc/avr/5.4.0/avr5\libgcc.a(_cmpdi2.o)
                0x000020f8                __cmpdi2
 .text.libgcc   0x0000210a       0x18 c:/program files (x86)/atmel/studio/7.0/toolchain/avr8/avr8-gnu-toolchain/bin/../lib/gcc/avr/5.4.0/avr5\libgcc.a(_cmpdi2_s8.o)
                0x0000210a                __cmpdi2_s8
 .text.avr-libc
                0x00002122       0x16 c:/program files (x86)/atmel/studio/7.0/toolchain/avr8/avr8-gnu-toolchain/bin/../lib/gcc/avr/5.4.0/../../../../avr/lib/avr5\libc.a(itoa_ncheck.o)
                0x00002122                __itoa_ncheck
 .text.avr-libc
                0x00002138       0x34 c:/program files (x86)/atmel/studio/7.0/toolchain/avr8/avr8-gnu-toolchain/bin/../lib/gcc/avr/5.4.0/../../../../avr/lib/avr5\libc.a(utoa_ncheck.o)
                0x00002138                __utoa_ncheck
                0x0000213a                __utoa_common
 .text.avr-libc
                0x0000216c       0x20 c:/program files (x86)/atmel/studio/7.0/toolchain/avr8/avr8-gnu-toolchain/bin/../lib/gcc/avr/5.4.0/../../../../avr/lib/avr5\libc.a(strrev.o)
                0x0000216c                strrev
                0x0000218c                . = ALIGN (0x2)
 *(.fini9)
 .fini9         0x0000218c        0x0 c:/program files (x86)/atmel/studio/7.0/toolchain/avr8/avr8-gnu-toolchain/bin/../lib/gcc/avr/5.4.0/avr5\libgcc.a(_exit.o)
                0x0000218c                _exit
                0x0000218c                exit
 *(.fini9)
 *(.fini8)
 *(.fini8)
 *(.fini7)
 *(.fini7)
 *(.fini6)
 *(.fini6)
 *(.fini5)
 *(.fini5)
 *(.fini4)
 *(.fini4)
 *(.fini3)
 *(.fini3)
 *(.fini2)
 *(.fini2)
 *(.fini1)
 *(.fini1)
 *(.fini0)
 .fini0         0x0000218c        0x4 c:/program files (x86)/atmel/studio/7.0/toolchain/avr8/avr8-gnu-toolchain/bin/../lib/gcc/avr/5.4.0/avr5\libgcc.a(_exit.o)
 *(.fini0)
                0x00002190                _etext = .

.data           0x00800060       0x1c load address 0x00002190
                0x00800060                PROVIDE (__data_start, .)
 *(.data)
 *(.data*)
 .data.enuDataPreviousState
                0x00800060        0x1 ECUAL/LCD/LCD.o
                0x00800060                enuDataPreviousState
 .data.enuCommandPreviousState
                0x00800061        0x1 ECUAL/LCD/LCD.o
                0x00800061                enuCommandPreviousState
 .data.enuInitPreviousState
                0x00800062        0x1 ECUAL/LCD/LCD.o
                0x00800062                enuInitPreviousState
 *(.gnu.linkonce.d*)
 *(.rodata)
 *(.rodata*)
 .rodata.str1.1
                0x00800063       0x15 APP/DisplayDistance/DisplayDistance.o
 .rodata.au8PortsBaseAddressLUT
                0x00800078        0x4 MCAL/DIO/DIO.o
 *(.gnu.linkonce.r*)
                0x0080007c                . = ALIGN (0x2)
                0x0080007c                _edata = .
                0x0080007c                PROVIDE (__data_end, .)

.bss            0x0080007c       0x74
                0x0080007c                PROVIDE (__bss_start, .)
 *(.bss)
 *(.bss*)
 .bss.u8LCDInitFlag.2132
                0x0080007c        0x1 APP/CarControl/CarControl.o
 .bss.genuLCDFlagStates
                0x0080007d        0x1 APP/DisplayDistance/DisplayDistance.o
 .bss.gu8HBridgeMotorSpeed
                0x0080007e        0x1 ECUAL/HBridge/HBridge.o
 .bss.enuHBridgeState
                0x0080007f        0x1 ECUAL/HBridge/HBridge.o
 .bss.u8Address.2088
                0x00800080        0x1 ECUAL/LCD/LCD.o
 .bss.Flag.2089
                0x00800081        0x1 ECUAL/LCD/LCD.o
 .bss.u8I.2083  0x00800082        0x1 ECUAL/LCD/LCD.o
 .bss.enuRetVar.2072
                0x00800083        0x1 ECUAL/LCD/LCD.o
 .bss.enuRetVar.2061
                0x00800084        0x1 ECUAL/LCD/LCD.o
 .bss.enuRetVar.2049
                0x00800085        0x1 ECUAL/LCD/LCD.o
 .bss.u8LCDFlag
                0x00800086        0x1 ECUAL/LCD/LCD.o
 .bss.enuClearState
                0x00800087        0x1 ECUAL/LCD/LCD.o
                0x00800087                enuClearState
 .bss.enuDataCurrentState
                0x00800088        0x1 ECUAL/LCD/LCD.o
                0x00800088                enuDataCurrentState
 .bss.enuCommandCurrentState
                0x00800089        0x1 ECUAL/LCD/LCD.o
                0x00800089                enuCommandCurrentState
 .bss.enuInitCurrentState
                0x0080008a        0x1 ECUAL/LCD/LCD.o
                0x0080008a                enuInitCurrentState
 .bss.u8Flag.2026
                0x0080008b        0x1 ECUAL/Ultrasonic/Ultrasonic.o
 .bss.Reading_Flag
                0x0080008c        0x1 ECUAL/Ultrasonic/Ultrasonic.o
                0x0080008c                Reading_Flag
 .bss.Reading2  0x0080008d        0x4 ECUAL/Ultrasonic/Ultrasonic.o
                0x0080008d                Reading2
 .bss.Reading1  0x00800091        0x4 ECUAL/Ultrasonic/Ultrasonic.o
                0x00800091                Reading1
 .bss.aenuDIOPinState
                0x00800095       0x20 MCAL/DIO/DIO.o
 .bss.enuPWMCompareOutputModeState
                0x008000b5        0x1 MCAL/PWM/PWM.o
 .bss.enuPWMState
                0x008000b6        0x1 MCAL/PWM/PWM.o
 .bss.Gu16_T2Prescaler
                0x008000b7        0x2 MCAL/Timer/Timer.o
                0x008000b7                Gu16_T2Prescaler
 .bss.Gu32_T2LastOVTicks
                0x008000b9        0x1 MCAL/Timer/Timer.o
                0x008000b9                Gu32_T2LastOVTicks
 .bss.Gu32_T2CurrentOVCount
                0x008000ba        0x8 MCAL/Timer/Timer.o
                0x008000ba                Gu32_T2CurrentOVCount
 .bss.Gu32_T2MaxOVCount
                0x008000c2        0x8 MCAL/Timer/Timer.o
                0x008000c2                Gu32_T2MaxOVCount
 .bss.G_fptr2   0x008000ca        0x2 MCAL/Timer/Timer.o
                0x008000ca                G_fptr2
 .bss.Timer1_OVF_Counter
                0x008000cc        0x4 MCAL/Timer/Timer.o
                0x008000cc                Timer1_OVF_Counter
 .bss.Timer1_OVF_Callback
                0x008000d0        0x2 MCAL/Timer/Timer.o
                0x008000d0                Timer1_OVF_Callback
 .bss.Gu16_T0Prescaler
                0x008000d2        0x2 MCAL/Timer/Timer.o
                0x008000d2                Gu16_T0Prescaler
 .bss.Gu32_T0LastOVTicks
                0x008000d4        0x1 MCAL/Timer/Timer.o
                0x008000d4                Gu32_T0LastOVTicks
 .bss.Gu32_T0CurrentOVCount
                0x008000d5        0x8 MCAL/Timer/Timer.o
                0x008000d5                Gu32_T0CurrentOVCount
 .bss.Gu32_T0MaxOVCount
                0x008000dd        0x8 MCAL/Timer/Timer.o
                0x008000dd                Gu32_T0MaxOVCount
 .bss.G_fptr    0x008000e5        0x2 MCAL/Timer/Timer.o
                0x008000e5                G_fptr
 *(COMMON)
 COMMON         0x008000e7        0x3 APP/CarControl/CarControl.o
                0x008000e7                gu8UltrasonicFlag
                0x008000e8                gu16Distance
 COMMON         0x008000ea        0x6 MCAL/EX_INT/EXT_INT.o
                0x008000ea                pEXTINT1CallBack
                0x008000ec                pEXTINT2CallBack
                0x008000ee                pEXTINT0CallBack
                0x008000f0                PROVIDE (__bss_end, .)
                0x00002190                __data_load_start = LOADADDR (.data)
                0x000021ac                __data_load_end = (__data_load_start + SIZEOF (.data))

.noinit         0x008000f0        0x0
                [!provide]                PROVIDE (__noinit_start, .)
 *(.noinit*)
                [!provide]                PROVIDE (__noinit_end, .)
                0x008000f0                _end = .
                [!provide]                PROVIDE (__heap_start, .)

.eeprom         0x00810000        0x0
 *(.eeprom*)
                0x00810000                __eeprom_end = .

.fuse
 *(.fuse)
 *(.lfuse)
 *(.hfuse)
 *(.efuse)

.lock
 *(.lock*)

.signature
 *(.signature*)

.user_signatures
 *(.user_signatures*)

.stab
 *(.stab)

.stabstr
 *(.stabstr)

.stab.excl
 *(.stab.excl)

.stab.exclstr
 *(.stab.exclstr)

.stab.index
 *(.stab.index)

.stab.indexstr
 *(.stab.indexstr)

.comment        0x00000000       0x30
 *(.comment)
 .comment       0x00000000       0x30 APP/CarControl/CarControl.o
                                 0x31 (size before relaxing)
 .comment       0x00000030       0x31 APP/DisplayDistance/DisplayDistance.o
 .comment       0x00000030       0x31 APP/GetDistance/GetDistance.o
 .comment       0x00000030       0x31 APP/HBridgeControl/HBridgeControl.o
 .comment       0x00000030       0x31 ECUAL/HBridge/HBridge.o
 .comment       0x00000030       0x31 ECUAL/LCD/LCD.o
 .comment       0x00000030       0x31 ECUAL/SW_ICU/SW_ICU.o
 .comment       0x00000030       0x31 ECUAL/Ultrasonic/Ultrasonic.o
 .comment       0x00000030       0x31 main.o
 .comment       0x00000030       0x31 MCAL/DIO/DIO.o
 .comment       0x00000030       0x31 MCAL/EX_INT/EXT_INT.o
 .comment       0x00000030       0x31 MCAL/PWM/PWM.o
 .comment       0x00000030       0x31 MCAL/Timer/Timer.o
 .comment       0x00000030       0x31 Services/TDelay/TDelay.o

.note.gnu.avr.deviceinfo
                0x00000000       0x3c
 .note.gnu.avr.deviceinfo
                0x00000000       0x3c C:/Program Files (x86)/Atmel/Studio/7.0/Packs/atmel/ATmega_DFP/1.6.364/gcc/dev/atmega32/avr5/crtatmega32.o

.note.gnu.build-id
 *(.note.gnu.build-id)

.debug
 *(.debug)

.line
 *(.line)

.debug_srcinfo
 *(.debug_srcinfo)

.debug_sfnames
 *(.debug_sfnames)

.debug_aranges  0x00000000      0x3f8
 *(.debug_aranges)
 .debug_aranges
                0x00000000       0x28 APP/CarControl/CarControl.o
 .debug_aranges
                0x00000028       0x28 APP/DisplayDistance/DisplayDistance.o
 .debug_aranges
                0x00000050       0x28 APP/GetDistance/GetDistance.o
 .debug_aranges
                0x00000078       0x28 APP/HBridgeControl/HBridgeControl.o
 .debug_aranges
                0x000000a0       0x40 ECUAL/HBridge/HBridge.o
 .debug_aranges
                0x000000e0       0x60 ECUAL/LCD/LCD.o
 .debug_aranges
                0x00000140       0x40 ECUAL/SW_ICU/SW_ICU.o
 .debug_aranges
                0x00000180       0x40 ECUAL/Ultrasonic/Ultrasonic.o
 .debug_aranges
                0x000001c0       0x20 main.o
 .debug_aranges
                0x000001e0       0x58 MCAL/DIO/DIO.o
 .debug_aranges
                0x00000238       0x48 MCAL/EX_INT/EXT_INT.o
 .debug_aranges
                0x00000280       0x30 MCAL/PWM/PWM.o
 .debug_aranges
                0x000002b0      0x120 MCAL/Timer/Timer.o
 .debug_aranges
                0x000003d0       0x28 Services/TDelay/TDelay.o

.debug_pubnames
 *(.debug_pubnames)

.debug_info     0x00000000     0x3dec
 *(.debug_info .gnu.linkonce.wi.*)
 .debug_info    0x00000000      0x4e6 C:/Program Files (x86)/Atmel/Studio/7.0/Packs/atmel/ATmega_DFP/1.6.364/gcc/dev/atmega32/avr5/crtatmega32.o
 .debug_info    0x000004e6      0x1d7 APP/CarControl/CarControl.o
 .debug_info    0x000006bd      0x276 APP/DisplayDistance/DisplayDistance.o
 .debug_info    0x00000933      0x163 APP/GetDistance/GetDistance.o
 .debug_info    0x00000a96      0x27a APP/HBridgeControl/HBridgeControl.o
 .debug_info    0x00000d10      0x6bb ECUAL/HBridge/HBridge.o
 .debug_info    0x000013cb      0x86f ECUAL/LCD/LCD.o
 .debug_info    0x00001c3a      0x3aa ECUAL/SW_ICU/SW_ICU.o
 .debug_info    0x00001fe4      0x5c1 ECUAL/Ultrasonic/Ultrasonic.o
 .debug_info    0x000025a5       0xfd main.o
 .debug_info    0x000026a2      0x526 MCAL/DIO/DIO.o
 .debug_info    0x00002bc8      0x230 MCAL/EX_INT/EXT_INT.o
 .debug_info    0x00002df8      0x40e MCAL/PWM/PWM.o
 .debug_info    0x00003206      0x981 MCAL/Timer/Timer.o
 .debug_info    0x00003b87      0x265 Services/TDelay/TDelay.o

.debug_abbrev   0x00000000     0x1369
 *(.debug_abbrev)
 .debug_abbrev  0x00000000      0x4a3 C:/Program Files (x86)/Atmel/Studio/7.0/Packs/atmel/ATmega_DFP/1.6.364/gcc/dev/atmega32/avr5/crtatmega32.o
 .debug_abbrev  0x000004a3       0xc0 APP/CarControl/CarControl.o
 .debug_abbrev  0x00000563       0xe6 APP/DisplayDistance/DisplayDistance.o
 .debug_abbrev  0x00000649       0xb7 APP/GetDistance/GetDistance.o
 .debug_abbrev  0x00000700       0xc3 APP/HBridgeControl/HBridgeControl.o
 .debug_abbrev  0x000007c3       0xf5 ECUAL/HBridge/HBridge.o
 .debug_abbrev  0x000008b8      0x24e ECUAL/LCD/LCD.o
 .debug_abbrev  0x00000b06      0x10e ECUAL/SW_ICU/SW_ICU.o
 .debug_abbrev  0x00000c14      0x192 ECUAL/Ultrasonic/Ultrasonic.o
 .debug_abbrev  0x00000da6       0x86 main.o
 .debug_abbrev  0x00000e2c       0xd0 MCAL/DIO/DIO.o
 .debug_abbrev  0x00000efc       0xc8 MCAL/EX_INT/EXT_INT.o
 .debug_abbrev  0x00000fc4      0x101 MCAL/PWM/PWM.o
 .debug_abbrev  0x000010c5      0x1cc MCAL/Timer/Timer.o
 .debug_abbrev  0x00001291       0xd8 Services/TDelay/TDelay.o

.debug_line     0x00000000     0x256b
 *(.debug_line .debug_line.* .debug_line_end)
 .debug_line    0x00000000      0x116 C:/Program Files (x86)/Atmel/Studio/7.0/Packs/atmel/ATmega_DFP/1.6.364/gcc/dev/atmega32/avr5/crtatmega32.o
 .debug_line    0x00000116      0x19c APP/CarControl/CarControl.o
 .debug_line    0x000002b2      0x1de APP/DisplayDistance/DisplayDistance.o
 .debug_line    0x00000490      0x122 APP/GetDistance/GetDistance.o
 .debug_line    0x000005b2      0x197 APP/HBridgeControl/HBridgeControl.o
 .debug_line    0x00000749      0x295 ECUAL/HBridge/HBridge.o
 .debug_line    0x000009de      0x526 ECUAL/LCD/LCD.o
 .debug_line    0x00000f04      0x1af ECUAL/SW_ICU/SW_ICU.o
 .debug_line    0x000010b3      0x283 ECUAL/Ultrasonic/Ultrasonic.o
 .debug_line    0x00001336      0x129 main.o
 .debug_line    0x0000145f      0x204 MCAL/DIO/DIO.o
 .debug_line    0x00001663      0x21a MCAL/EX_INT/EXT_INT.o
 .debug_line    0x0000187d      0x1ca MCAL/PWM/PWM.o
 .debug_line    0x00001a47      0x9f1 MCAL/Timer/Timer.o
 .debug_line    0x00002438      0x133 Services/TDelay/TDelay.o

.debug_frame    0x00000000      0xbbc
 *(.debug_frame)
 .debug_frame   0x00000000       0x34 APP/CarControl/CarControl.o
 .debug_frame   0x00000034       0x34 APP/DisplayDistance/DisplayDistance.o
 .debug_frame   0x00000068       0x34 APP/GetDistance/GetDistance.o
 .debug_frame   0x0000009c       0x34 APP/HBridgeControl/HBridgeControl.o
 .debug_frame   0x000000d0       0x74 ECUAL/HBridge/HBridge.o
 .debug_frame   0x00000144      0x110 ECUAL/LCD/LCD.o
 .debug_frame   0x00000254       0x88 ECUAL/SW_ICU/SW_ICU.o
 .debug_frame   0x000002dc       0x8c ECUAL/Ultrasonic/Ultrasonic.o
 .debug_frame   0x00000368       0x24 main.o
 .debug_frame   0x0000038c       0x94 MCAL/DIO/DIO.o
 .debug_frame   0x00000420      0x14c MCAL/EX_INT/EXT_INT.o
 .debug_frame   0x0000056c       0x54 MCAL/PWM/PWM.o
 .debug_frame   0x000005c0      0x53c MCAL/Timer/Timer.o
 .debug_frame   0x00000afc       0xc0 Services/TDelay/TDelay.o

.debug_str      0x00000000     0x1af6
 *(.debug_str)
 .debug_str     0x00000000      0x196 C:/Program Files (x86)/Atmel/Studio/7.0/Packs/atmel/ATmega_DFP/1.6.364/gcc/dev/atmega32/avr5/crtatmega32.o
 .debug_str     0x00000196      0x267 APP/CarControl/CarControl.o
                                0x29b (size before relaxing)
 .debug_str     0x000003fd      0x131 APP/DisplayDistance/DisplayDistance.o
                                0x32f (size before relaxing)
 .debug_str     0x0000052e       0x48 APP/GetDistance/GetDistance.o
                                0x23e (size before relaxing)
 .debug_str     0x00000576      0x1cb APP/HBridgeControl/HBridgeControl.o
                                0x3b5 (size before relaxing)
 .debug_str     0x00000741      0x17c ECUAL/HBridge/HBridge.o
                                0x4eb (size before relaxing)
 .debug_str     0x000008bd      0x2e5 ECUAL/LCD/LCD.o
                                0x4e2 (size before relaxing)
 .debug_str     0x00000ba2      0x3e7 ECUAL/SW_ICU/SW_ICU.o
                                0x58a (size before relaxing)
 .debug_str     0x00000f89      0x143 ECUAL/Ultrasonic/Ultrasonic.o
                                0x401 (size before relaxing)
 .debug_str     0x000010cc       0x11 main.o
                                0x1d8 (size before relaxing)
 .debug_str     0x000010dd      0x1db MCAL/DIO/DIO.o
                                0x3e1 (size before relaxing)
 .debug_str     0x000012b8       0xc1 MCAL/EX_INT/EXT_INT.o
                                0x2eb (size before relaxing)
 .debug_str     0x00001379       0xb8 MCAL/PWM/PWM.o
                                0x465 (size before relaxing)
 .debug_str     0x00001431      0x685 MCAL/Timer/Timer.o
                                0xaad (size before relaxing)
 .debug_str     0x00001ab6       0x40 Services/TDelay/TDelay.o
                                0x265 (size before relaxing)

.debug_loc      0x00000000     0x289f
 *(.debug_loc)
 .debug_loc     0x00000000       0x31 APP/CarControl/CarControl.o
 .debug_loc     0x00000031       0x98 APP/DisplayDistance/DisplayDistance.o
 .debug_loc     0x000000c9       0x1e APP/GetDistance/GetDistance.o
 .debug_loc     0x000000e7       0x5d APP/HBridgeControl/HBridgeControl.o
 .debug_loc     0x00000144      0x268 ECUAL/HBridge/HBridge.o
 .debug_loc     0x000003ac      0x487 ECUAL/LCD/LCD.o
 .debug_loc     0x00000833      0x13f ECUAL/SW_ICU/SW_ICU.o
 .debug_loc     0x00000972      0x1ca ECUAL/Ultrasonic/Ultrasonic.o
 .debug_loc     0x00000b3c      0x3c2 MCAL/DIO/DIO.o
 .debug_loc     0x00000efe      0x41c MCAL/EX_INT/EXT_INT.o
 .debug_loc     0x0000131a      0x1c2 MCAL/PWM/PWM.o
 .debug_loc     0x000014dc      0xef2 MCAL/Timer/Timer.o
 .debug_loc     0x000023ce      0x4d1 Services/TDelay/TDelay.o

.debug_macinfo
 *(.debug_macinfo)

.debug_weaknames
 *(.debug_weaknames)

.debug_funcnames
 *(.debug_funcnames)

.debug_typenames
 *(.debug_typenames)

.debug_varnames
 *(.debug_varnames)

.debug_pubtypes
 *(.debug_pubtypes)

.debug_ranges   0x00000000      0x318
 *(.debug_ranges)
 .debug_ranges  0x00000000       0x18 APP/CarControl/CarControl.o
 .debug_ranges  0x00000018       0x18 APP/DisplayDistance/DisplayDistance.o
 .debug_ranges  0x00000030       0x18 APP/GetDistance/GetDistance.o
 .debug_ranges  0x00000048       0x18 APP/HBridgeControl/HBridgeControl.o
 .debug_ranges  0x00000060       0x30 ECUAL/HBridge/HBridge.o
 .debug_ranges  0x00000090       0x50 ECUAL/LCD/LCD.o
 .debug_ranges  0x000000e0       0x30 ECUAL/SW_ICU/SW_ICU.o
 .debug_ranges  0x00000110       0x30 ECUAL/Ultrasonic/Ultrasonic.o
 .debug_ranges  0x00000140       0x10 main.o
 .debug_ranges  0x00000150       0x48 MCAL/DIO/DIO.o
 .debug_ranges  0x00000198       0x38 MCAL/EX_INT/EXT_INT.o
 .debug_ranges  0x000001d0       0x20 MCAL/PWM/PWM.o
 .debug_ranges  0x000001f0      0x110 MCAL/Timer/Timer.o
 .debug_ranges  0x00000300       0x18 Services/TDelay/TDelay.o

.debug_macro
 *(.debug_macro)
OUTPUT(AutonomousCar.elf elf32-avr)
LOAD linker stubs
